Archive member included to satisfy reference by file (symbol)

c:/coocox/gcc-arm-none-eabi-5_4/bin/../lib/gcc/arm-none-eabi/5.4.1/../../../../arm-none-eabi/lib/armv7-m\libg.a(lib_a-abort.o)
                              ..\obj\mem.o (abort)
c:/coocox/gcc-arm-none-eabi-5_4/bin/../lib/gcc/arm-none-eabi/5.4.1/../../../../arm-none-eabi/lib/armv7-m\libg.a(lib_a-exit.o)
                              c:/coocox/gcc-arm-none-eabi-5_4/bin/../lib/gcc/arm-none-eabi/5.4.1/../../../../arm-none-eabi/lib/armv7-m/crt0.o (exit)
c:/coocox/gcc-arm-none-eabi-5_4/bin/../lib/gcc/arm-none-eabi/5.4.1/../../../../arm-none-eabi/lib/armv7-m\libg.a(lib_a-fflush.o)
                              ..\obj\mem.o (fflush)
c:/coocox/gcc-arm-none-eabi-5_4/bin/../lib/gcc/arm-none-eabi/5.4.1/../../../../arm-none-eabi/lib/armv7-m\libg.a(lib_a-findfp.o)
                              c:/coocox/gcc-arm-none-eabi-5_4/bin/../lib/gcc/arm-none-eabi/5.4.1/../../../../arm-none-eabi/lib/armv7-m\libg.a(lib_a-fflush.o) (__sinit)
c:/coocox/gcc-arm-none-eabi-5_4/bin/../lib/gcc/arm-none-eabi/5.4.1/../../../../arm-none-eabi/lib/armv7-m\libg.a(lib_a-freer.o)
                              c:/coocox/gcc-arm-none-eabi-5_4/bin/../lib/gcc/arm-none-eabi/5.4.1/../../../../arm-none-eabi/lib/armv7-m\libg.a(lib_a-fflush.o) (_free_r)
c:/coocox/gcc-arm-none-eabi-5_4/bin/../lib/gcc/arm-none-eabi/5.4.1/../../../../arm-none-eabi/lib/armv7-m\libg.a(lib_a-fwalk.o)
                              c:/coocox/gcc-arm-none-eabi-5_4/bin/../lib/gcc/arm-none-eabi/5.4.1/../../../../arm-none-eabi/lib/armv7-m\libg.a(lib_a-findfp.o) (_fwalk)
c:/coocox/gcc-arm-none-eabi-5_4/bin/../lib/gcc/arm-none-eabi/5.4.1/../../../../arm-none-eabi/lib/armv7-m\libg.a(lib_a-impure.o)
                              c:/coocox/gcc-arm-none-eabi-5_4/bin/../lib/gcc/arm-none-eabi/5.4.1/../../../../arm-none-eabi/lib/armv7-m\libg.a(lib_a-exit.o) (_global_impure_ptr)
c:/coocox/gcc-arm-none-eabi-5_4/bin/../lib/gcc/arm-none-eabi/5.4.1/../../../../arm-none-eabi/lib/armv7-m\libg.a(lib_a-init.o)
                              c:/coocox/gcc-arm-none-eabi-5_4/bin/../lib/gcc/arm-none-eabi/5.4.1/../../../../arm-none-eabi/lib/armv7-m/crt0.o (__libc_init_array)
c:/coocox/gcc-arm-none-eabi-5_4/bin/../lib/gcc/arm-none-eabi/5.4.1/../../../../arm-none-eabi/lib/armv7-m\libg.a(lib_a-mallocr.o)
                              c:/coocox/gcc-arm-none-eabi-5_4/bin/../lib/gcc/arm-none-eabi/5.4.1/../../../../arm-none-eabi/lib/armv7-m\libg.a(lib_a-findfp.o) (_malloc_r)
c:/coocox/gcc-arm-none-eabi-5_4/bin/../lib/gcc/arm-none-eabi/5.4.1/../../../../arm-none-eabi/lib/armv7-m\libg.a(lib_a-memcmp.o)
                              ..\obj\ethernet.o (memcmp)
c:/coocox/gcc-arm-none-eabi-5_4/bin/../lib/gcc/arm-none-eabi/5.4.1/../../../../arm-none-eabi/lib/armv7-m\libg.a(lib_a-memcpy.o)
                              ..\obj\tcp_out.o (memcpy)
c:/coocox/gcc-arm-none-eabi-5_4/bin/../lib/gcc/arm-none-eabi/5.4.1/../../../../arm-none-eabi/lib/armv7-m\libg.a(lib_a-memset.o)
                              c:/coocox/gcc-arm-none-eabi-5_4/bin/../lib/gcc/arm-none-eabi/5.4.1/../../../../arm-none-eabi/lib/armv7-m/crt0.o (memset)
c:/coocox/gcc-arm-none-eabi-5_4/bin/../lib/gcc/arm-none-eabi/5.4.1/../../../../arm-none-eabi/lib/armv7-m\libg.a(lib_a-mlock.o)
                              c:/coocox/gcc-arm-none-eabi-5_4/bin/../lib/gcc/arm-none-eabi/5.4.1/../../../../arm-none-eabi/lib/armv7-m\libg.a(lib_a-freer.o) (__malloc_lock)
c:/coocox/gcc-arm-none-eabi-5_4/bin/../lib/gcc/arm-none-eabi/5.4.1/../../../../arm-none-eabi/lib/armv7-m\libg.a(lib_a-printf.o)
                              ..\obj\mem.o (printf)
c:/coocox/gcc-arm-none-eabi-5_4/bin/../lib/gcc/arm-none-eabi/5.4.1/../../../../arm-none-eabi/lib/armv7-m\libg.a(lib_a-sbrkr.o)
                              c:/coocox/gcc-arm-none-eabi-5_4/bin/../lib/gcc/arm-none-eabi/5.4.1/../../../../arm-none-eabi/lib/armv7-m\libg.a(lib_a-freer.o) (_sbrk_r)
c:/coocox/gcc-arm-none-eabi-5_4/bin/../lib/gcc/arm-none-eabi/5.4.1/../../../../arm-none-eabi/lib/armv7-m\libg.a(lib_a-signal.o)
                              c:/coocox/gcc-arm-none-eabi-5_4/bin/../lib/gcc/arm-none-eabi/5.4.1/../../../../arm-none-eabi/lib/armv7-m\libg.a(lib_a-abort.o) (raise)
c:/coocox/gcc-arm-none-eabi-5_4/bin/../lib/gcc/arm-none-eabi/5.4.1/../../../../arm-none-eabi/lib/armv7-m\libg.a(lib_a-signalr.o)
                              c:/coocox/gcc-arm-none-eabi-5_4/bin/../lib/gcc/arm-none-eabi/5.4.1/../../../../arm-none-eabi/lib/armv7-m\libg.a(lib_a-signal.o) (_kill_r)
c:/coocox/gcc-arm-none-eabi-5_4/bin/../lib/gcc/arm-none-eabi/5.4.1/../../../../arm-none-eabi/lib/armv7-m\libg.a(lib_a-stdio.o)
                              c:/coocox/gcc-arm-none-eabi-5_4/bin/../lib/gcc/arm-none-eabi/5.4.1/../../../../arm-none-eabi/lib/armv7-m\libg.a(lib_a-findfp.o) (__sread)
c:/coocox/gcc-arm-none-eabi-5_4/bin/../lib/gcc/arm-none-eabi/5.4.1/../../../../arm-none-eabi/lib/armv7-m\libg.a(lib_a-strlen-stub.o)
                              ..\obj\def.o (strlen)
[...]
Memory Configuration

Name             Origin             Length             Attributes
rom              0x08000000         0x00020000         xr
ram              0x20000000         0x00005000         xrw
*default*        0x00000000         0xffffffff

Linker script and memory map

LOAD c:/coocox/gcc-arm-none-eabi-5_4/bin/../lib/gcc/arm-none-eabi/5.4.1/armv7-m/crti.o
LOAD c:/coocox/gcc-arm-none-eabi-5_4/bin/../lib/gcc/arm-none-eabi/5.4.1/armv7-m/crtbegin.o
LOAD c:/coocox/gcc-arm-none-eabi-5_4/bin/../lib/gcc/arm-none-eabi/5.4.1/../../../../arm-none-eabi/lib/armv7-m/crt0.o
                0x20005000                _eram = 0x20005000

.text           0x08000000    0x13fc9
 *(.isr_vector)
 .isr_vector    0x08000000      0x10c ..\obj\startup_stm32f10x_md.o
                0x08000000                g_pfnVectors
 *(.text*)
 .text          0x0800010c       0x5c c:/coocox/gcc-arm-none-eabi-5_4/bin/../lib/gcc/arm-none-eabi/5.4.1/armv7-m/crtbegin.o
 .text          0x08000168      0x6bc ..\obj\mem.o
                0x080002c0                mem_init
                0x08000338                mem_free
                0x08000418                mem_trim
                0x080005e4                mem_malloc
                0x080007e0                mem_calloc
 .text          0x08000824     0x1888 ..\obj\tcp_out.o
                0x08000924                tcp_send_fin
                0x08000c8c                tcp_write
                0x080013b8                tcp_enqueue_flags
                0x080015e8                tcp_send_empty_ack
                0x080016c4                tcp_output
                0x08001bfc                tcp_rst
                0x08001d0c                tcp_rexmit_rto
                0x08001d78                tcp_rexmit
                0x08001e18                tcp_rexmit_fast
                0x08001eb4                tcp_keepalive
                0x08001f54                tcp_zero_window_probe
 .text          0x080020ac      0x2ec ..\obj\led.o
                0x080020ac                clock_set
                0x08002140                led_init
                0x08002218                led_set_run
                0x0800223c                led_set_can
                0x08002260                led_set_rs232
                0x08002284                led_set_rs485
                0x080022a8                led_run_tiger
                0x080022e4                led_can_tiger
                0x08002320                led_rs232_tiger
                0x0800235c                led_rs485_tiger
 .text          0x08002398     0x1088 ..\obj\etharp.o
                0x080023fc                etharp_tmr
                0x08002964                etharp_cleanup_netif
                0x080029c4                etharp_find_addr
                0x08002a74                etharp_get_entry
                0x08002b60                etharp_input
                0x08002dd0                etharp_output
                0x08002fcc                etharp_query
                0x080033fc                etharp_request
 .text          0x08003420        0xc ..\obj\timeouts.o
                0x08003420                tcp_timer_needed
 .text          0x0800342c      0x1bc ..\obj\ethernet.o
                0x0800342c                ethernet_input
                0x08003550                ethernet_output
 .text          0x080035e8      0x4cc ..\obj\inet_chksum.o
                0x080035e8                lwip_standard_chksum
                0x08003778                inet_chksum_pseudo
                0x080037e8                ip_chksum_pseudo
                0x08003940                inet_chksum_pseudo_partial
                0x080039c0                ip_chksum_pseudo_partial
                0x080039fc                inet_chksum
                0x08003a20                inet_chksum_pbuf
 .text          0x08003ab4      0x294 ..\obj\memp.o
                0x08003ab4                memp_init_pool
                0x08003b10                memp_init
                0x08003ba0                memp_malloc_pool
                0x08003bec                memp_malloc
                0x08003c98                memp_free_pool
                0x08003cec                memp_free
 .text          0x08003d48      0xc50 ..\obj\ip4_frag.o
                0x08003d48                ip_reass_tmr
                0x080043b8                ip4_reass
                0x08004738                ip4_frag
 .text          0x08004998     0x1e48 ..\obj\tcp_in.o
                0x08004998                tcp_input
                0x080067c0                tcp_trigger_input_pcb_close
 .text          0x080067e0      0x390 ..\obj\icmp.o
                0x080067e0                icmp_input
                0x08006a40                icmp_dest_unreach
                0x08006a60                icmp_time_exceeded
 .text          0x08006b70       0x48 ..\obj\main.o
                0x08006b70                fputc
                0x08006b88                main
 .text          0x08006bb8      0x5e8 ..\obj\stm32f10x_gpio.o
                0x08006bb8                GPIO_DeInit
                0x08006c9c                GPIO_AFIODeInit
                0x08006cb4                GPIO_Init
                0x08006e2c                GPIO_StructInit
                0x08006e54                GPIO_ReadInputDataBit
                0x08006e88                GPIO_ReadInputData
                0x08006ea0                GPIO_ReadOutputDataBit
                0x08006ed4                GPIO_ReadOutputData
                0x08006eec                GPIO_SetBits
                0x08006f08                GPIO_ResetBits
                0x08006f24                GPIO_WriteBit
                0x08006f54                GPIO_Write
                0x08006f70                GPIO_PinLockConfig
                0x08006fb4                GPIO_EventOutputConfig
                0x08007000                GPIO_EventOutputCmd
                0x08007020                GPIO_PinRemapConfig
                0x08007100                GPIO_EXTILineConfig
                0x08007184                GPIO_ETH_MediaInterfaceConfig
 .text          0x080071a0      0x4ac ..\obj\ip4_addr.o
                0x080071a0                ip4_addr_isbroadcast_u32
                0x08007220                ip4_addr_netmask_valid
                0x08007278                ipaddr_addr
                0x080072a4                ip4addr_aton
                0x0800752c                ip4addr_ntoa
                0x0800754c                ip4addr_ntoa_r
 .text          0x0800764c      0x7d0 ..\obj\stm32f10x_rcc.o
                0x0800764c                RCC_DeInit
                0x080076a8                RCC_HSEConfig
                0x08007704                RCC_WaitForHSEStartUp
                0x08007754                RCC_AdjustHSICalibrationValue
                0x08007790                RCC_HSICmd
                0x080077b0                RCC_PLLConfig
                0x080077ec                RCC_PLLCmd
                0x0800780c                RCC_SYSCLKConfig
                0x08007844                RCC_GetSYSCLKSource
                0x08007860                RCC_HCLKConfig
                0x08007898                RCC_PCLK1Config
                0x080078d0                RCC_PCLK2Config
                0x08007908                RCC_ITConfig
                0x08007954                RCC_USBCLKConfig
                0x08007970                RCC_ADCCLKConfig
                0x080079a8                RCC_LSEConfig
                0x080079e8                RCC_LSICmd
                0x08007a08                RCC_RTCCLKConfig
                0x08007a2c                RCC_RTCCLKCmd
                0x08007a4c                RCC_GetClocksFreq
                0x08007bac                RCC_AHBPeriphClockCmd
                0x08007be8                RCC_APB2PeriphClockCmd
                0x08007c24                RCC_APB1PeriphClockCmd
                0x08007c60                RCC_APB2PeriphResetCmd
                0x08007c9c                RCC_APB1PeriphResetCmd
                0x08007cd8                RCC_BackupResetCmd
                0x08007cf8                RCC_ClockSecuritySystemCmd
                0x08007d18                RCC_MCOConfig
                0x08007d38                RCC_GetFlagStatus
                0x08007dac                RCC_ClearFlag
                0x08007dc8                RCC_GetITStatus
                0x08007dfc                RCC_ClearITPendingBit
 .text          0x08007e1c       0x28 ..\obj\init.o
                0x08007e1c                lwip_init
 .text          0x08007e44      0x228 ..\obj\def.o
                0x08007e44                lwip_htons
                0x08007e60                lwip_htonl
                0x08007e90                lwip_strnstr
                0x08007efc                lwip_stricmp
                0x08007f64                lwip_strnicmp
                0x08007fd8                lwip_itoa
 .text.Reset_Handler
                0x0800806c       0x44 ..\obj\startup_stm32f10x_md.o
                0x0800806c                Reset_Handler
 .text.Default_Handler
                0x080080b0        0x2 ..\obj\startup_stm32f10x_md.o
                0x080080b0                EXTI2_IRQHandler
                0x080080b0                DebugMon_Handler
                0x080080b0                TIM1_CC_IRQHandler
                0x080080b0                HardFault_Handler
                0x080080b0                SysTick_Handler
                0x080080b0                PVD_IRQHandler
                0x080080b0                PendSV_Handler
                0x080080b0                NMI_Handler
                0x080080b0                EXTI3_IRQHandler
                0x080080b0                EXTI0_IRQHandler
                0x080080b0                I2C2_EV_IRQHandler
                0x080080b0                UsageFault_Handler
                0x080080b0                ADC1_2_IRQHandler
                0x080080b0                SPI1_IRQHandler
                0x080080b0                TAMPER_IRQHandler
                0x080080b0                DMA1_Channel4_IRQHandler
                0x080080b0                USART3_IRQHandler
                0x080080b0                RTC_IRQHandler
                0x080080b0                DMA1_Channel7_IRQHandler
                0x080080b0                CAN1_RX1_IRQHandler
                0x080080b0                TIM4_IRQHandler
                0x080080b0                I2C1_EV_IRQHandler
                0x080080b0                DMA1_Channel6_IRQHandler
                0x080080b0                TIM3_IRQHandler
                0x080080b0                RCC_IRQHandler
                0x080080b0                TIM1_TRG_COM_IRQHandler
                0x080080b0                DMA1_Channel1_IRQHandler
                0x080080b0                Default_Handler
                0x080080b0                EXTI15_10_IRQHandler
                0x080080b0                EXTI9_5_IRQHandler
                0x080080b0                SPI2_IRQHandler
                0x080080b0                MemManage_Handler
                0x080080b0                SVC_Handler
                0x080080b0                DMA1_Channel5_IRQHandler
                0x080080b0                EXTI4_IRQHandler
                0x080080b0                USB_LP_CAN1_RX0_IRQHandler
                0x080080b0                USB_HP_CAN1_TX_IRQHandler
                0x080080b0                DMA1_Channel3_IRQHandler
                0x080080b0                TIM1_UP_IRQHandler
                0x080080b0                WWDG_IRQHandler
                0x080080b0                TIM2_IRQHandler
                0x080080b0                TIM1_BRK_IRQHandler
                0x080080b0                EXTI1_IRQHandler
                0x080080b0                RTCAlarm_IRQHandler
                0x080080b0                USART2_IRQHandler
                0x080080b0                I2C2_ER_IRQHandler
                0x080080b0                DMA1_Channel2_IRQHandler
                0x080080b0                CAN1_SCE_IRQHandler
                0x080080b0                FLASH_IRQHandler
                0x080080b0                BusFault_Handler
                0x080080b0                USART1_IRQHandler
                0x080080b0                I2C1_ER_IRQHandler
                0x080080b0                USBWakeUp_IRQHandler
 *fill*         0x080080b2        0x2 
 .text          0x080080b4      0x24c ..\obj\system_stm32f10x.o
                0x080080b4                SystemInit
                0x0800811c                SystemCoreClockUpdate
 .text          0x08008300     0x1b64 ..\obj\tcp.o
                0x08008300                tcp_init
                0x0800830c                tcp_tmr
                0x080086a4                tcp_close
                0x080086d4                tcp_shutdown
                0x08008764                tcp_abandon
                0x080088c0                tcp_abort
                0x080088d8                tcp_bind
                0x08008a20                tcp_listen_with_backlog
                0x08008a44                tcp_listen_with_backlog_and_err
                0x08008b78                tcp_update_rcv_ann_wnd
                0x08008c24                tcp_recved
                0x08008d78                tcp_connect
                0x08008f64                tcp_slowtmr
                0x080094f4                tcp_fasttmr
                0x080095bc                tcp_txnow
                0x080095f4                tcp_process_refused_data
                0x080096c0                tcp_segs_free
                0x080096e8                tcp_seg_free
                0x08009718                tcp_setprio
                0x08009734                tcp_recv_null
                0x080098fc                tcp_alloc
                0x080099fc                tcp_new
                0x08009a0c                tcp_new_ip_type
                0x08009a28                tcp_arg
                0x08009a48                tcp_recv
                0x08009a94                tcp_sent
                0x08009ae0                tcp_err
                0x08009b2c                tcp_accept
                0x08009b58                tcp_poll
                0x08009ba8                tcp_pcb_purge
                0x08009c1c                tcp_pcb_remove
                0x08009d0c                tcp_next_iss
                0x08009d38                tcp_eff_send_mss_impl
                0x08009dc4                tcp_netif_ip_addr_changed
                0x08009e44                tcp_debug_state_str
 .text          0x08009e64     0x12b0 ..\obj\pbuf.o
                0x08009e64                pbuf_alloc
                0x0800a1e0                pbuf_alloced_custom
                0x0800a2bc                pbuf_realloc
                0x0800a5a8                pbuf_header
                0x0800a5cc                pbuf_header_force
                0x0800a5f0                pbuf_free
                0x0800a740                pbuf_clen
                0x0800a76c                pbuf_ref
                0x0800a7bc                pbuf_cat
                0x0800a884                pbuf_chain
                0x0800a8a4                pbuf_dechain
                0x0800a95c                pbuf_copy
                0x0800ab18                pbuf_copy_partial
                0x0800ac68                pbuf_skip
                0x0800ac90                pbuf_take
                0x0800add4                pbuf_take_at
                0x0800ae78                pbuf_coalesce
                0x0800aef4                pbuf_get_at
                0x0800af24                pbuf_try_get_at
                0x0800af68                pbuf_put_at
                0x0800afac                pbuf_memcmp
                0x0800b04c                pbuf_memfind
                0x0800b0b8                pbuf_strstr
 .text          0x0800b114      0x648 ..\obj\ip4.o
                0x0800b114                ip4_route
                0x0800b1e0                ip4_input
                0x0800b474                ip4_output_if
                0x0800b4c8                ip4_output_if_src
                0x0800b6e4                ip4_output
 .text          0x0800b75c      0x490 ..\obj\netif.o
                0x0800b75c                netif_init
                0x0800b768                netif_input
                0x0800b7a0                netif_add
                0x0800b854                netif_set_addr
                0x0800b8ac                netif_remove
                0x0800b954                netif_find
                0x0800b9c4                netif_set_ipaddr
                0x0800ba34                netif_set_gw
                0x0800ba5c                netif_set_netmask
                0x0800ba84                netif_set_default
                0x0800baa0                netif_set_up
                0x0800bb2c                netif_set_down
                0x0800bb70                netif_set_link_up
                0x0800bbb8                netif_set_link_down
 .text          0x0800bbec      0x848 ..\obj\udp.o
                0x0800bbec                udp_init
                0x0800bcdc                udp_input
                0x0800bedc                udp_send
                0x0800bf0c                udp_sendto
                0x0800bf60                udp_sendto_if
                0x0800bfdc                udp_sendto_if_src
                0x0800c14c                udp_bind
                0x0800c22c                udp_connect
                0x0800c2d8                udp_disconnect
                0x0800c304                udp_recv
                0x0800c328                udp_remove
                0x0800c38c                udp_new
                0x0800c3bc                udp_new_ip_type
                0x0800c3d8                udp_netif_ip_addr_changed
 .text.abort    0x0800c434       0x10 c:/coocox/gcc-arm-none-eabi-5_4/bin/../lib/gcc/arm-none-eabi/5.4.1/../../../../arm-none-eabi/lib/armv7-m\libg.a(lib_a-abort.o)
                0x0800c434                abort
 .text.__sflush_r
                0x0800c444      0x148 c:/coocox/gcc-arm-none-eabi-5_4/bin/../lib/gcc/arm-none-eabi/5.4.1/../../../../arm-none-eabi/lib/armv7-m\libg.a(lib_a-fflush.o)
                0x0800c444                __sflush_r
 .text._fflush_r
                0x0800c58c       0x2c c:/coocox/gcc-arm-none-eabi-5_4/bin/../lib/gcc/arm-none-eabi/5.4.1/../../../../arm-none-eabi/lib/armv7-m\libg.a(lib_a-fflush.o)
                0x0800c58c                _fflush_r
 .text.fflush   0x0800c5b8       0x24 c:/coocox/gcc-arm-none-eabi-5_4/bin/../lib/gcc/arm-none-eabi/5.4.1/../../../../arm-none-eabi/lib/armv7-m\libg.a(lib_a-fflush.o)
                0x0800c5b8                fflush
 .text._cleanup_r
                0x0800c5dc        0xc c:/coocox/gcc-arm-none-eabi-5_4/bin/../lib/gcc/arm-none-eabi/5.4.1/../../../../arm-none-eabi/lib/armv7-m\libg.a(lib_a-findfp.o)
                0x0800c5dc                _cleanup_r
 .text.__sinit.part.1
                0x0800c5e8       0xf0 c:/coocox/gcc-arm-none-eabi-5_4/bin/../lib/gcc/arm-none-eabi/5.4.1/../../../../arm-none-eabi/lib/armv7-m\libg.a(lib_a-findfp.o)
 .text.__sinit  0x0800c6d8        0xc c:/coocox/gcc-arm-none-eabi-5_4/bin/../lib/gcc/arm-none-eabi/5.4.1/../../../../arm-none-eabi/lib/armv7-m\libg.a(lib_a-findfp.o)
                0x0800c6d8                __sinit
 .text.__sfp_lock_acquire
                0x0800c6e4        0x4 c:/coocox/gcc-arm-none-eabi-5_4/bin/../lib/gcc/arm-none-eabi/5.4.1/../../../../arm-none-eabi/lib/armv7-m\libg.a(lib_a-findfp.o)
                0x0800c6e4                __sfp_lock_acquire
 .text.__sfp_lock_release
                0x0800c6e8        0x4 c:/coocox/gcc-arm-none-eabi-5_4/bin/../lib/gcc/arm-none-eabi/5.4.1/../../../../arm-none-eabi/lib/armv7-m\libg.a(lib_a-findfp.o)
                0x0800c6e8                __sfp_lock_release
 .text._malloc_trim_r
                0x0800c6ec       0x9c c:/coocox/gcc-arm-none-eabi-5_4/bin/../lib/gcc/arm-none-eabi/5.4.1/../../../../arm-none-eabi/lib/armv7-m\libg.a(lib_a-freer.o)
                0x0800c6ec                _malloc_trim_r
 .text._free_r  0x0800c788      0x1d0 c:/coocox/gcc-arm-none-eabi-5_4/bin/../lib/gcc/arm-none-eabi/5.4.1/../../../../arm-none-eabi/lib/armv7-m\libg.a(lib_a-freer.o)
                0x0800c788                _free_r
 .text._fwalk_reent
                0x0800c958       0x50 c:/coocox/gcc-arm-none-eabi-5_4/bin/../lib/gcc/arm-none-eabi/5.4.1/../../../../arm-none-eabi/lib/armv7-m\libg.a(lib_a-fwalk.o)
                0x0800c958                _fwalk_reent
 .text._malloc_r
                0x0800c9a8      0x558 c:/coocox/gcc-arm-none-eabi-5_4/bin/../lib/gcc/arm-none-eabi/5.4.1/../../../../arm-none-eabi/lib/armv7-m\libg.a(lib_a-mallocr.o)
                0x0800c9a8                _malloc_r
 .text.memcmp   0x0800cf00       0x64 c:/coocox/gcc-arm-none-eabi-5_4/bin/../lib/gcc/arm-none-eabi/5.4.1/../../../../arm-none-eabi/lib/armv7-m\libg.a(lib_a-memcmp.o)
                0x0800cf00                memcmp
 .text          0x0800cf64       0xec c:/coocox/gcc-arm-none-eabi-5_4/bin/../lib/gcc/arm-none-eabi/5.4.1/../../../../arm-none-eabi/lib/armv7-m\libg.a(lib_a-memcpy.o)
                0x0800cf64                memcpy
 .text.memset   0x0800d050       0x9c c:/coocox/gcc-arm-none-eabi-5_4/bin/../lib/gcc/arm-none-eabi/5.4.1/../../../../arm-none-eabi/lib/armv7-m\libg.a(lib_a-memset.o)
                0x0800d050                memset
 .text.__malloc_lock
                0x0800d0ec        0x4 c:/coocox/gcc-arm-none-eabi-5_4/bin/../lib/gcc/arm-none-eabi/5.4.1/../../../../arm-none-eabi/lib/armv7-m\libg.a(lib_a-mlock.o)
                0x0800d0ec                __malloc_lock
 .text.__malloc_unlock
                0x0800d0f0        0x4 c:/coocox/gcc-arm-none-eabi-5_4/bin/../lib/gcc/arm-none-eabi/5.4.1/../../../../arm-none-eabi/lib/armv7-m\libg.a(lib_a-mlock.o)
                0x0800d0f0                __malloc_unlock
 .text.printf   0x0800d0f4       0x28 c:/coocox/gcc-arm-none-eabi-5_4/bin/../lib/gcc/arm-none-eabi/5.4.1/../../../../arm-none-eabi/lib/armv7-m\libg.a(lib_a-printf.o)
                0x0800d0f4                printf
 .text._sbrk_r  0x0800d11c       0x24 c:/coocox/gcc-arm-none-eabi-5_4/bin/../lib/gcc/arm-none-eabi/5.4.1/../../../../arm-none-eabi/lib/armv7-m\libg.a(lib_a-sbrkr.o)
                0x0800d11c                _sbrk_r
 .text._raise_r
                0x0800d140       0x58 c:/coocox/gcc-arm-none-eabi-5_4/bin/../lib/gcc/arm-none-eabi/5.4.1/../../../../arm-none-eabi/lib/armv7-m\libg.a(lib_a-signal.o)
                0x0800d140                _raise_r
 .text.raise    0x0800d198       0x10 c:/coocox/gcc-arm-none-eabi-5_4/bin/../lib/gcc/arm-none-eabi/5.4.1/../../../../arm-none-eabi/lib/armv7-m\libg.a(lib_a-signal.o)
                0x0800d198                raise
 .text._kill_r  0x0800d1a8       0x28 c:/coocox/gcc-arm-none-eabi-5_4/bin/../lib/gcc/arm-none-eabi/5.4.1/../../../../arm-none-eabi/lib/armv7-m\libg.a(lib_a-signalr.o)
                0x0800d1a8                _kill_r
 .text._getpid_r
                0x0800d1d0        0x4 c:/coocox/gcc-arm-none-eabi-5_4/bin/../lib/gcc/arm-none-eabi/5.4.1/../../../../arm-none-eabi/lib/armv7-m\libg.a(lib_a-signalr.o)
                0x0800d1d0                _getpid_r
 .text.__sread  0x0800d1d4       0x24 c:/coocox/gcc-arm-none-eabi-5_4/bin/../lib/gcc/arm-none-eabi/5.4.1/../../../../arm-none-eabi/lib/armv7-m\libg.a(lib_a-stdio.o)
                0x0800d1d4                __sread
 .text.__swrite
                0x0800d1f8       0x3c c:/coocox/gcc-arm-none-eabi-5_4/bin/../lib/gcc/arm-none-eabi/5.4.1/../../../../arm-none-eabi/lib/armv7-m\libg.a(lib_a-stdio.o)
                0x0800d1f8                __swrite
 .text.__sseek  0x0800d234       0x20 c:/coocox/gcc-arm-none-eabi-5_4/bin/../lib/gcc/arm-none-eabi/5.4.1/../../../../arm-none-eabi/lib/armv7-m\libg.a(lib_a-stdio.o)
                0x0800d234                __sseek
 .text.__sclose
                0x0800d254        0x8 c:/coocox/gcc-arm-none-eabi-5_4/bin/../lib/gcc/arm-none-eabi/5.4.1/../../../../arm-none-eabi/lib/armv7-m\libg.a(lib_a-stdio.o)
                0x0800d254                __sclose
 .text.strlen   0x0800d25c       0x5c c:/coocox/gcc-arm-none-eabi-5_4/bin/../lib/gcc/arm-none-eabi/5.4.1/../../../../arm-none-eabi/lib/armv7-m\libg.a(lib_a-strlen-stub.o)
                0x0800d25c                strlen
 .text.strncmp  0x0800d2b8       0x9c c:/coocox/gcc-arm-none-eabi-5_4/bin/../lib/gcc/arm-none-eabi/5.4.1/../../../../arm-none-eabi/lib/armv7-m\libg.a(lib_a-strncmp.o)
                0x0800d2b8                strncmp
 .text._vfprintf_r
                0x0800d354     0x1798 c:/coocox/gcc-arm-none-eabi-5_4/bin/../lib/gcc/arm-none-eabi/5.4.1/../../../../arm-none-eabi/lib/armv7-m\libg.a(lib_a-vfprintf.o)
                0x0800d354                _vfprintf_r
 .text.__sbprintf
                0x0800eaec       0x6c c:/coocox/gcc-arm-none-eabi-5_4/bin/../lib/gcc/arm-none-eabi/5.4.1/../../../../arm-none-eabi/lib/armv7-m\libg.a(lib_a-vfprintf.o)
 .text._write_r
                0x0800eb58       0x2c c:/coocox/gcc-arm-none-eabi-5_4/bin/../lib/gcc/arm-none-eabi/5.4.1/../../../../arm-none-eabi/lib/armv7-m\libg.a(lib_a-writer.o)
                0x0800eb58                _write_r
 .text.__swsetup_r
                0x0800eb84       0xc8 c:/coocox/gcc-arm-none-eabi-5_4/bin/../lib/gcc/arm-none-eabi/5.4.1/../../../../arm-none-eabi/lib/armv7-m\libg.a(lib_a-wsetup.o)
                0x0800eb84                __swsetup_r
 .text.startup.register_fini
                0x0800ec4c       0x14 c:/coocox/gcc-arm-none-eabi-5_4/bin/../lib/gcc/arm-none-eabi/5.4.1/../../../../arm-none-eabi/lib/armv7-m\libg.a(lib_a-__call_atexit.o)
 .text.atexit   0x0800ec60        0xc c:/coocox/gcc-arm-none-eabi-5_4/bin/../lib/gcc/arm-none-eabi/5.4.1/../../../../arm-none-eabi/lib/armv7-m\libg.a(lib_a-atexit.o)
                0x0800ec60                atexit
 .text._close_r
                0x0800ec6c       0x24 c:/coocox/gcc-arm-none-eabi-5_4/bin/../lib/gcc/arm-none-eabi/5.4.1/../../../../arm-none-eabi/lib/armv7-m\libg.a(lib_a-closer.o)
                0x0800ec6c                _close_r
 .text.quorem   0x0800ec90      0x12c c:/coocox/gcc-arm-none-eabi-5_4/bin/../lib/gcc/arm-none-eabi/5.4.1/../../../../arm-none-eabi/lib/armv7-m\libg.a(lib_a-dtoa.o)
 *fill*         0x0800edbc        0x4 
 .text._dtoa_r  0x0800edc0      0xe4c c:/coocox/gcc-arm-none-eabi-5_4/bin/../lib/gcc/arm-none-eabi/5.4.1/../../../../arm-none-eabi/lib/armv7-m\libg.a(lib_a-dtoa.o)
                0x0800edc0                _dtoa_r
 .text._fclose_r
                0x0800fc0c       0x84 c:/coocox/gcc-arm-none-eabi-5_4/bin/../lib/gcc/arm-none-eabi/5.4.1/../../../../arm-none-eabi/lib/armv7-m\libg.a(lib_a-fclose.o)
                0x0800fc0c                _fclose_r
 .text.__libc_fini_array
                0x0800fc90       0x28 c:/coocox/gcc-arm-none-eabi-5_4/bin/../lib/gcc/arm-none-eabi/5.4.1/../../../../arm-none-eabi/lib/armv7-m\libg.a(lib_a-fini.o)
                0x0800fc90                __libc_fini_array
 .text._localeconv_r
                0x0800fcb8       0x1c c:/coocox/gcc-arm-none-eabi-5_4/bin/../lib/gcc/arm-none-eabi/5.4.1/../../../../arm-none-eabi/lib/armv7-m\libg.a(lib_a-localeconv.o)
                0x0800fcb8                _localeconv_r
 .text._lseek_r
                0x0800fcd4       0x2c c:/coocox/gcc-arm-none-eabi-5_4/bin/../lib/gcc/arm-none-eabi/5.4.1/../../../../arm-none-eabi/lib/armv7-m\libg.a(lib_a-lseekr.o)
                0x0800fcd4                _lseek_r
 .text.__swhatbuf_r
                0x0800fd00       0x60 c:/coocox/gcc-arm-none-eabi-5_4/bin/../lib/gcc/arm-none-eabi/5.4.1/../../../../arm-none-eabi/lib/armv7-m\libg.a(lib_a-makebuf.o)
                0x0800fd00                __swhatbuf_r
 .text.__smakebuf_r
                0x0800fd60       0x88 c:/coocox/gcc-arm-none-eabi-5_4/bin/../lib/gcc/arm-none-eabi/5.4.1/../../../../arm-none-eabi/lib/armv7-m\libg.a(lib_a-makebuf.o)
                0x0800fd60                __smakebuf_r
 .text.memchr   0x0800fde8       0x8c c:/coocox/gcc-arm-none-eabi-5_4/bin/../lib/gcc/arm-none-eabi/5.4.1/../../../../arm-none-eabi/lib/armv7-m\libg.a(lib_a-memchr-stub.o)
                0x0800fde8                memchr
 .text._Balloc  0x0800fe74       0x50 c:/coocox/gcc-arm-none-eabi-5_4/bin/../lib/gcc/arm-none-eabi/5.4.1/../../../../arm-none-eabi/lib/armv7-m\libg.a(lib_a-mprec.o)
                0x0800fe74                _Balloc
 .text._Bfree   0x0800fec4       0x14 c:/coocox/gcc-arm-none-eabi-5_4/bin/../lib/gcc/arm-none-eabi/5.4.1/../../../../arm-none-eabi/lib/armv7-m\libg.a(lib_a-mprec.o)
                0x0800fec4                _Bfree
 .text.__multadd
                0x0800fed8       0x80 c:/coocox/gcc-arm-none-eabi-5_4/bin/../lib/gcc/arm-none-eabi/5.4.1/../../../../arm-none-eabi/lib/armv7-m\libg.a(lib_a-mprec.o)
                0x0800fed8                __multadd
 .text.__hi0bits
                0x0800ff58       0x40 c:/coocox/gcc-arm-none-eabi-5_4/bin/../lib/gcc/arm-none-eabi/5.4.1/../../../../arm-none-eabi/lib/armv7-m\libg.a(lib_a-mprec.o)
                0x0800ff58                __hi0bits
 .text.__lo0bits
                0x0800ff98       0x5c c:/coocox/gcc-arm-none-eabi-5_4/bin/../lib/gcc/arm-none-eabi/5.4.1/../../../../arm-none-eabi/lib/armv7-m\libg.a(lib_a-mprec.o)
                0x0800ff98                __lo0bits
 .text.__i2b    0x0800fff4       0x14 c:/coocox/gcc-arm-none-eabi-5_4/bin/../lib/gcc/arm-none-eabi/5.4.1/../../../../arm-none-eabi/lib/armv7-m\libg.a(lib_a-mprec.o)
                0x0800fff4                __i2b
 .text.__multiply
                0x08010008      0x13c c:/coocox/gcc-arm-none-eabi-5_4/bin/../lib/gcc/arm-none-eabi/5.4.1/../../../../arm-none-eabi/lib/armv7-m\libg.a(lib_a-mprec.o)
                0x08010008                __multiply
 .text.__pow5mult
                0x08010144       0xa0 c:/coocox/gcc-arm-none-eabi-5_4/bin/../lib/gcc/arm-none-eabi/5.4.1/../../../../arm-none-eabi/lib/armv7-m\libg.a(lib_a-mprec.o)
                0x08010144                __pow5mult
 .text.__lshift
                0x080101e4       0xac c:/coocox/gcc-arm-none-eabi-5_4/bin/../lib/gcc/arm-none-eabi/5.4.1/../../../../arm-none-eabi/lib/armv7-m\libg.a(lib_a-mprec.o)
                0x080101e4                __lshift
 .text.__mcmp   0x08010290       0x40 c:/coocox/gcc-arm-none-eabi-5_4/bin/../lib/gcc/arm-none-eabi/5.4.1/../../../../arm-none-eabi/lib/armv7-m\libg.a(lib_a-mprec.o)
                0x08010290                __mcmp
 .text.__mdiff  0x080102d0      0x128 c:/coocox/gcc-arm-none-eabi-5_4/bin/../lib/gcc/arm-none-eabi/5.4.1/../../../../arm-none-eabi/lib/armv7-m\libg.a(lib_a-mprec.o)
                0x080102d0                __mdiff
 .text.__d2b    0x080103f8       0xa8 c:/coocox/gcc-arm-none-eabi-5_4/bin/../lib/gcc/arm-none-eabi/5.4.1/../../../../arm-none-eabi/lib/armv7-m\libg.a(lib_a-mprec.o)
                0x080103f8                __d2b
 .text._read_r  0x080104a0       0x2c c:/coocox/gcc-arm-none-eabi-5_4/bin/../lib/gcc/arm-none-eabi/5.4.1/../../../../arm-none-eabi/lib/armv7-m\libg.a(lib_a-readr.o)
                0x080104a0                _read_r
 .text.__sprint_r.part.0
                0x080104cc       0x78 c:/coocox/gcc-arm-none-eabi-5_4/bin/../lib/gcc/arm-none-eabi/5.4.1/../../../../arm-none-eabi/lib/armv7-m\libg.a(lib_a-vfiprintf.o)
 .text.__sprint_r
                0x08010544       0x14 c:/coocox/gcc-arm-none-eabi-5_4/bin/../lib/gcc/arm-none-eabi/5.4.1/../../../../arm-none-eabi/lib/armv7-m\libg.a(lib_a-vfiprintf.o)
                0x08010544                __sprint_r
 .text.__register_exitproc
                0x08010558       0xa4 c:/coocox/gcc-arm-none-eabi-5_4/bin/../lib/gcc/arm-none-eabi/5.4.1/../../../../arm-none-eabi/lib/armv7-m\libg.a(lib_a-__atexit.o)
                0x08010558                __register_exitproc
 .text._calloc_r
                0x080105fc       0x60 c:/coocox/gcc-arm-none-eabi-5_4/bin/../lib/gcc/arm-none-eabi/5.4.1/../../../../arm-none-eabi/lib/armv7-m\libg.a(lib_a-callocr.o)
                0x080105fc                _calloc_r
 .text.__fputwc
                0x0801065c       0x94 c:/coocox/gcc-arm-none-eabi-5_4/bin/../lib/gcc/arm-none-eabi/5.4.1/../../../../arm-none-eabi/lib/armv7-m\libg.a(lib_a-fputwc.o)
                0x0801065c                __fputwc
 .text._fputwc_r
                0x080106f0       0x24 c:/coocox/gcc-arm-none-eabi-5_4/bin/../lib/gcc/arm-none-eabi/5.4.1/../../../../arm-none-eabi/lib/armv7-m\libg.a(lib_a-fputwc.o)
                0x080106f0                _fputwc_r
 .text._fstat_r
                0x08010714       0x28 c:/coocox/gcc-arm-none-eabi-5_4/bin/../lib/gcc/arm-none-eabi/5.4.1/../../../../arm-none-eabi/lib/armv7-m\libg.a(lib_a-fstatr.o)
                0x08010714                _fstat_r
 .text.__sfvwrite_r
                0x0801073c      0x308 c:/coocox/gcc-arm-none-eabi-5_4/bin/../lib/gcc/arm-none-eabi/5.4.1/../../../../arm-none-eabi/lib/armv7-m\libg.a(lib_a-fvwrite.o)
                0x0801073c                __sfvwrite_r
 .text._isatty_r
                0x08010a44       0x24 c:/coocox/gcc-arm-none-eabi-5_4/bin/../lib/gcc/arm-none-eabi/5.4.1/../../../../arm-none-eabi/lib/armv7-m\libg.a(lib_a-isattyr.o)
                0x08010a44                _isatty_r
 .text.__locale_mb_cur_max
                0x08010a68       0x1c c:/coocox/gcc-arm-none-eabi-5_4/bin/../lib/gcc/arm-none-eabi/5.4.1/../../../../arm-none-eabi/lib/armv7-m\libg.a(lib_a-locale.o)
                0x08010a68                __locale_mb_cur_max
 .text.__ascii_mbtowc
                0x08010a84       0x2c c:/coocox/gcc-arm-none-eabi-5_4/bin/../lib/gcc/arm-none-eabi/5.4.1/../../../../arm-none-eabi/lib/armv7-m\libg.a(lib_a-mbtowc_r.o)
                0x08010a84                __ascii_mbtowc
 .text.memmove  0x08010ab0       0xc8 c:/coocox/gcc-arm-none-eabi-5_4/bin/../lib/gcc/arm-none-eabi/5.4.1/../../../../arm-none-eabi/lib/armv7-m\libg.a(lib_a-memmove.o)
                0x08010ab0                memmove
 .text._realloc_r
                0x08010b78      0x3d4 c:/coocox/gcc-arm-none-eabi-5_4/bin/../lib/gcc/arm-none-eabi/5.4.1/../../../../arm-none-eabi/lib/armv7-m\libg.a(lib_a-reallocr.o)
                0x08010b78                _realloc_r
 .text.__swbuf_r
                0x08010f4c       0xac c:/coocox/gcc-arm-none-eabi-5_4/bin/../lib/gcc/arm-none-eabi/5.4.1/../../../../arm-none-eabi/lib/armv7-m\libg.a(lib_a-wbuf.o)
                0x08010f4c                __swbuf_r
 .text._wcrtomb_r
                0x08010ff8       0x54 c:/coocox/gcc-arm-none-eabi-5_4/bin/../lib/gcc/arm-none-eabi/5.4.1/../../../../arm-none-eabi/lib/armv7-m\libg.a(lib_a-wcrtomb.o)
                0x08010ff8                _wcrtomb_r
 .text.__ascii_wctomb
                0x0801104c       0x1c c:/coocox/gcc-arm-none-eabi-5_4/bin/../lib/gcc/arm-none-eabi/5.4.1/../../../../arm-none-eabi/lib/armv7-m\libg.a(lib_a-wctomb_r.o)
                0x0801104c                __ascii_wctomb
 .text          0x08011068      0x370 c:/coocox/gcc-arm-none-eabi-5_4/bin/../lib/gcc/arm-none-eabi/5.4.1/armv7-m\libgcc.a(_arm_addsubdf3.o)
                0x08011068                __aeabi_drsub
                0x08011070                __aeabi_dsub
                0x08011070                __subdf3
                0x08011074                __aeabi_dadd
                0x08011074                __adddf3
                0x080112ec                __floatunsidf
                0x080112ec                __aeabi_ui2d
                0x0801130c                __floatsidf
                0x0801130c                __aeabi_i2d
                0x08011330                __aeabi_f2d
                0x08011330                __extendsfdf2
                0x0801136c                __floatundidf
                0x0801136c                __aeabi_ul2d
                0x0801137c                __floatdidf
                0x0801137c                __aeabi_l2d
 .text          0x080113d8      0x424 c:/coocox/gcc-arm-none-eabi-5_4/bin/../lib/gcc/arm-none-eabi/5.4.1/armv7-m\libgcc.a(_arm_muldivdf3.o)
                0x080113d8                __aeabi_dmul
                0x080113d8                __muldf3
                0x0801162c                __divdf3
                0x0801162c                __aeabi_ddiv
 .text          0x080117fc      0x110 c:/coocox/gcc-arm-none-eabi-5_4/bin/../lib/gcc/arm-none-eabi/5.4.1/armv7-m\libgcc.a(_arm_cmpdf2.o)
                0x080117fc                __gtdf2
                0x080117fc                __gedf2
                0x08011804                __ltdf2
                0x08011804                __ledf2
                0x0801180c                __nedf2
                0x0801180c                __eqdf2
                0x0801180c                __cmpdf2
                0x08011888                __aeabi_cdrcmple
                0x08011898                __aeabi_cdcmpeq
                0x08011898                __aeabi_cdcmple
                0x080118a8                __aeabi_dcmpeq
                0x080118bc                __aeabi_dcmplt
                0x080118d0                __aeabi_dcmple
                0x080118e4                __aeabi_dcmpge
                0x080118f8                __aeabi_dcmpgt
 .text          0x0801190c       0x2c c:/coocox/gcc-arm-none-eabi-5_4/bin/../lib/gcc/arm-none-eabi/5.4.1/armv7-m\libgcc.a(_arm_unorddf2.o)
                0x0801190c                __unorddf2
                0x0801190c                __aeabi_dcmpun
 .text          0x08011938       0x50 c:/coocox/gcc-arm-none-eabi-5_4/bin/../lib/gcc/arm-none-eabi/5.4.1/armv7-m\libgcc.a(_arm_fixdfsi.o)
                0x08011938                __aeabi_d2iz
                0x08011938                __fixdfsi
 .text          0x08011988       0x30 c:/coocox/gcc-arm-none-eabi-5_4/bin/../lib/gcc/arm-none-eabi/5.4.1/armv7-m\libgcc.a(_aeabi_uldivmod.o)
                0x08011988                __aeabi_uldivmod
 .text          0x080119b8      0x2ec c:/coocox/gcc-arm-none-eabi-5_4/bin/../lib/gcc/arm-none-eabi/5.4.1/armv7-m\libgcc.a(_udivmoddi4.o)
                0x080119b8                __udivmoddi4
 .text          0x08011ca4        0x4 c:/coocox/gcc-arm-none-eabi-5_4/bin/../lib/gcc/arm-none-eabi/5.4.1/armv7-m\libgcc.a(_dvmd_tls.o)
                0x08011ca4                __aeabi_idiv0
                0x08011ca4                __aeabi_ldiv0
 *(.init)
 .init          0x08011ca8        0x4 c:/coocox/gcc-arm-none-eabi-5_4/bin/../lib/gcc/arm-none-eabi/5.4.1/armv7-m/crti.o
                0x08011ca8                _init
 .init          0x08011cac        0x8 c:/coocox/gcc-arm-none-eabi-5_4/bin/../lib/gcc/arm-none-eabi/5.4.1/armv7-m/crtn.o
 *(.fini)
 .fini          0x08011cb4        0x4 c:/coocox/gcc-arm-none-eabi-5_4/bin/../lib/gcc/arm-none-eabi/5.4.1/armv7-m/crti.o
                0x08011cb4                _fini
 .fini          0x08011cb8        0x8 c:/coocox/gcc-arm-none-eabi-5_4/bin/../lib/gcc/arm-none-eabi/5.4.1/armv7-m/crtn.o
 *crtbegin.o(.ctors)
 *crtbegin?.o(.ctors)
 *(EXCLUDE_FILE(*crtend.o *crtend?.o) .ctors)
 *(SORT(.ctors.*))
 *(.ctors)
 *crtbegin.o(.dtors)
 *crtbegin?.o(.dtors)
 *(EXCLUDE_FILE(*crtend.o *crtend?.o) .dtors)
 *(SORT(.dtors.*))
 *(.dtors)
 *(.rodata*)
 .rodata        0x08011cc0      0x22b ..\obj\mem.o
 *fill*         0x08011eeb        0x1 
 .rodata        0x08011eec      0x473 ..\obj\tcp_out.o
 *fill*         0x0801235f        0x1 
 .rodata        0x08012360      0x295 ..\obj\etharp.o
 *fill*         0x080125f5        0x3 
 .rodata        0x080125f8       0xd4 ..\obj\ethernet.o
                0x080125f8                ethbroadcast
                0x08012600                ethzero
 .rodata        0x080126cc       0x9c ..\obj\inet_chksum.o
 .rodata        0x08012768      0x19f ..\obj\memp.o
                0x08012768                memp_UDP_PCB
                0x08012774                memp_TCP_PCB
                0x08012780                memp_TCP_PCB_LISTEN
                0x0801278c                memp_TCP_SEG
                0x08012798                memp_REASSDATA
                0x080127a4                memp_FRAG_PBUF
                0x080127b0                memp_PBUF
                0x080127bc                memp_PBUF_POOL
                0x080127c8                memp_pools
 *fill*         0x08012907        0x1 
 .rodata        0x08012908      0x220 ..\obj\ip4_frag.o
 .rodata        0x08012b28      0x353 ..\obj\tcp_in.o
 *fill*         0x08012e7b        0x1 
 .rodata        0x08012e7c      0x128 ..\obj\icmp.o
 .rodata        0x08012fa4       0x44 ..\obj\main.o
 .rodata        0x08012fe8       0xa8 ..\obj\ip4_addr.o
                0x08012fe8                ip_addr_any
                0x08012fec                ip_addr_broadcast
 .rodata        0x08013090       0x48 ..\obj\def.o
 .rodata        0x080130d8      0x4e5 ..\obj\tcp.o
                0x08013194                tcp_pcb_lists
 *fill*         0x080135bd        0x3 
 .rodata        0x080135c0      0x53d ..\obj\pbuf.o
 *fill*         0x08013afd        0x3 
 .rodata        0x08013b00       0xc9 ..\obj\ip4.o
 *fill*         0x08013bc9        0x3 
 .rodata        0x08013bcc       0xa4 ..\obj\netif.o
 .rodata        0x08013c70       0xca ..\obj\udp.o
 *fill*         0x08013d3a        0x2 
 .rodata._global_impure_ptr
                0x08013d3c        0x4 c:/coocox/gcc-arm-none-eabi-5_4/bin/../lib/gcc/arm-none-eabi/5.4.1/../../../../arm-none-eabi/lib/armv7-m\libg.a(lib_a-impure.o)
                0x08013d3c                _global_impure_ptr
 .rodata.zeroes.7271
                0x08013d40       0x10 c:/coocox/gcc-arm-none-eabi-5_4/bin/../lib/gcc/arm-none-eabi/5.4.1/../../../../arm-none-eabi/lib/armv7-m\libg.a(lib_a-vfprintf.o)
 .rodata.str1.4
                0x08013d50       0x42 c:/coocox/gcc-arm-none-eabi-5_4/bin/../lib/gcc/arm-none-eabi/5.4.1/../../../../arm-none-eabi/lib/armv7-m\libg.a(lib_a-vfprintf.o)
 *fill*         0x08013d92        0x2 
 .rodata.blanks.7270
                0x08013d94       0x10 c:/coocox/gcc-arm-none-eabi-5_4/bin/../lib/gcc/arm-none-eabi/5.4.1/../../../../arm-none-eabi/lib/armv7-m\libg.a(lib_a-vfprintf.o)
 .rodata.str1.4
                0x08013da4       0x10 c:/coocox/gcc-arm-none-eabi-5_4/bin/../lib/gcc/arm-none-eabi/5.4.1/../../../../arm-none-eabi/lib/armv7-m\libg.a(lib_a-dtoa.o)
                                 0x12 (size before relaxing)
 *fill*         0x08013db4        0x4 
 .rodata.__mprec_tens
                0x08013db8       0xc8 c:/coocox/gcc-arm-none-eabi-5_4/bin/../lib/gcc/arm-none-eabi/5.4.1/../../../../arm-none-eabi/lib/armv7-m\libg.a(lib_a-mprec.o)
                0x08013db8                __mprec_tens
 .rodata.p05.6085
                0x08013e80        0xc c:/coocox/gcc-arm-none-eabi-5_4/bin/../lib/gcc/arm-none-eabi/5.4.1/../../../../arm-none-eabi/lib/armv7-m\libg.a(lib_a-mprec.o)
 *fill*         0x08013e8c        0x4 
 .rodata.__mprec_bigtens
                0x08013e90       0x28 c:/coocox/gcc-arm-none-eabi-5_4/bin/../lib/gcc/arm-none-eabi/5.4.1/../../../../arm-none-eabi/lib/armv7-m\libg.a(lib_a-mprec.o)
                0x08013e90                __mprec_bigtens
 .rodata.str1.4
                0x08013eb8       0x10 c:/coocox/gcc-arm-none-eabi-5_4/bin/../lib/gcc/arm-none-eabi/5.4.1/../../../../arm-none-eabi/lib/armv7-m\libg.a(lib_a-locale.o)
                                 0x12 (size before relaxing)
 .rodata._ctype_
                0x08013ec8      0x101 c:/coocox/gcc-arm-none-eabi-5_4/bin/../lib/gcc/arm-none-eabi/5.4.1/../../../../arm-none-eabi/lib/armv7-m\libg.a(lib_a-ctype_.o)
                0x08013ec8                _ctype_
 *(.eh_fram e*)

.eh_frame       0x08013fcc        0x0
 .eh_frame      0x08013fcc        0x0 c:/coocox/gcc-arm-none-eabi-5_4/bin/../lib/gcc/arm-none-eabi/5.4.1/armv7-m/crtbegin.o

.glue_7         0x08013fcc        0x0
 .glue_7        0x08013fcc        0x0 linker stubs

.glue_7t        0x08013fcc        0x0
 .glue_7t       0x08013fcc        0x0 linker stubs

.vfp11_veneer   0x08013fcc        0x0
 .vfp11_veneer  0x08013fcc        0x0 linker stubs

.v4_bx          0x08013fcc        0x0
 .v4_bx         0x08013fcc        0x0 linker stubs

.iplt           0x08013fcc        0x0
 .iplt          0x08013fcc        0x0 c:/coocox/gcc-arm-none-eabi-5_4/bin/../lib/gcc/arm-none-eabi/5.4.1/armv7-m/crtbegin.o

.ARM.extab
 *(.ARM.extab* .gnu.linkonce.armextab.*)
                0x08013fcc                __exidx_start = .

.ARM.exidx      0x08013fcc        0x8
 *(.ARM.exidx* .gnu.linkonce.armexidx.*)
 .ARM.exidx     0x08013fcc        0x8 c:/coocox/gcc-arm-none-eabi-5_4/bin/../lib/gcc/arm-none-eabi/5.4.1/armv7-m\libgcc.a(_udivmoddi4.o)
                0x08013fd4                __exidx_end = .
                0x08013fd4                __etext = .
                0x08013fd4                _sidata = __etext

.rel.dyn        0x08013fd4        0x0
 .rel.iplt      0x08013fd4        0x0 c:/coocox/gcc-arm-none-eabi-5_4/bin/../lib/gcc/arm-none-eabi/5.4.1/armv7-m/crtbegin.o

.data           0x20000000      0x9f0 load address 0x08013fd4
                0x20000000                __data_start__ = .
                0x20000000                _sdata = __data_start__
 *(vtable)
 *(.data*)
 .data          0x20000000       0x14 ..\obj\stm32f10x_rcc.o
 .data          0x20000014       0x14 ..\obj\system_stm32f10x.o
                0x20000014                SystemCoreClock
                0x20000018                AHBPrescTable
 .data          0x20000028        0x8 ..\obj\tcp.o
 .data          0x20000030        0x2 ..\obj\udp.o
 *fill*         0x20000032        0x6 
 .data.impure_data
                0x20000038      0x428 c:/coocox/gcc-arm-none-eabi-5_4/bin/../lib/gcc/arm-none-eabi/5.4.1/../../../../arm-none-eabi/lib/armv7-m\libg.a(lib_a-impure.o)
 .data._impure_ptr
                0x20000460        0x4 c:/coocox/gcc-arm-none-eabi-5_4/bin/../lib/gcc/arm-none-eabi/5.4.1/../../../../arm-none-eabi/lib/armv7-m\libg.a(lib_a-impure.o)
                0x20000460                _impure_ptr
 .data.__malloc_av_
                0x20000464      0x408 c:/coocox/gcc-arm-none-eabi-5_4/bin/../lib/gcc/arm-none-eabi/5.4.1/../../../../arm-none-eabi/lib/armv7-m\libg.a(lib_a-mallocr.o)
                0x20000464                __malloc_av_
 .data.__malloc_trim_threshold
                0x2000086c        0x4 c:/coocox/gcc-arm-none-eabi-5_4/bin/../lib/gcc/arm-none-eabi/5.4.1/../../../../arm-none-eabi/lib/armv7-m\libg.a(lib_a-mallocr.o)
                0x2000086c                __malloc_trim_threshold
 .data.__malloc_sbrk_base
                0x20000870        0x4 c:/coocox/gcc-arm-none-eabi-5_4/bin/../lib/gcc/arm-none-eabi/5.4.1/../../../../arm-none-eabi/lib/armv7-m\libg.a(lib_a-mallocr.o)
                0x20000870                __malloc_sbrk_base
 .data.__global_locale
                0x20000874      0x16c c:/coocox/gcc-arm-none-eabi-5_4/bin/../lib/gcc/arm-none-eabi/5.4.1/../../../../arm-none-eabi/lib/armv7-m\libg.a(lib_a-locale.o)
                0x20000874                __global_locale
                0x200009e0                . = ALIGN (0x4)
                0x200009e0                PROVIDE (__preinit_array_start, .)
 *(.preinit_array)
                0x200009e0                PROVIDE (__preinit_array_end, .)
                0x200009e0                . = ALIGN (0x4)
                0x200009e0                PROVIDE (__init_array_start, .)
 *(SORT(.init_array.*))
 .init_array.00000
                0x200009e0        0x4 c:/coocox/gcc-arm-none-eabi-5_4/bin/../lib/gcc/arm-none-eabi/5.4.1/../../../../arm-none-eabi/lib/armv7-m\libg.a(lib_a-__call_atexit.o)
 *(.init_array)
 .init_array    0x200009e4        0x4 c:/coocox/gcc-arm-none-eabi-5_4/bin/../lib/gcc/arm-none-eabi/5.4.1/armv7-m/crtbegin.o
                0x200009e8                PROVIDE (__init_array_end, .)
                0x200009e8                . = ALIGN (0x4)
                0x200009e8                PROVIDE (__fini_array_start, .)
 *(SORT(.fini_array.*))
 *(.fini_array)
 .fini_array    0x200009e8        0x4 c:/coocox/gcc-arm-none-eabi-5_4/bin/../lib/gcc/arm-none-eabi/5.4.1/armv7-m/crtbegin.o
                0x200009ec                PROVIDE (__fini_array_end, .)
 *(.jcr*)
 .jcr           0x200009ec        0x0 c:/coocox/gcc-arm-none-eabi-5_4/bin/../lib/gcc/arm-none-eabi/5.4.1/armv7-m/crtbegin.o
 .jcr           0x200009ec        0x4 c:/coocox/gcc-arm-none-eabi-5_4/bin/../lib/gcc/arm-none-eabi/5.4.1/armv7-m/crtend.o
                0x200009f0                . = ALIGN (0x4)
                0x200009f0                __data_end__ = .
                0x200009f0                _edata = __data_end__

.igot.plt       0x200009f0        0x0 load address 0x080149c4
 .igot.plt      0x200009f0        0x0 c:/coocox/gcc-arm-none-eabi-5_4/bin/../lib/gcc/arm-none-eabi/5.4.1/armv7-m/crtbegin.o

.bss            0x200009f0     0x5c0c load address 0x080149c4
                0x200009f0                . = ALIGN (0x4)
                0x200009f0                __bss_start__ = .
                0x200009f0                _sbss = __bss_start__
 *(.bss*)
 .bss           0x200009f0       0x1c c:/coocox/gcc-arm-none-eabi-5_4/bin/../lib/gcc/arm-none-eabi/5.4.1/armv7-m/crtbegin.o
 .bss           0x20000a0c        0xc ..\obj\mem.o
 .bss           0x20000a18       0xf1 ..\obj\etharp.o
 *fill*         0x20000b09        0x3 
 .bss           0x20000b0c       0x20 ..\obj\memp.o
 .bss           0x20000b2c        0x6 ..\obj\ip4_frag.o
 *fill*         0x20000b32        0x2 
 .bss           0x20000b34       0x34 ..\obj\tcp_in.o
 .bss           0x20000b68       0x10 ..\obj\ip4_addr.o
 .bss           0x20000b78        0x2 ..\obj\tcp.o
 .bss           0x20000b7a        0x2 ..\obj\ip4.o
 .bss           0x20000b7c        0x1 ..\obj\netif.o
 *fill*         0x20000b7d        0x3 
 .bss.__malloc_max_total_mem
                0x20000b80        0x4 c:/coocox/gcc-arm-none-eabi-5_4/bin/../lib/gcc/arm-none-eabi/5.4.1/../../../../arm-none-eabi/lib/armv7-m\libg.a(lib_a-mallocr.o)
                0x20000b80                __malloc_max_total_mem
 .bss.__malloc_max_sbrked_mem
                0x20000b84        0x4 c:/coocox/gcc-arm-none-eabi-5_4/bin/../lib/gcc/arm-none-eabi/5.4.1/../../../../arm-none-eabi/lib/armv7-m\libg.a(lib_a-mallocr.o)
                0x20000b84                __malloc_max_sbrked_mem
 .bss.__malloc_top_pad
                0x20000b88        0x4 c:/coocox/gcc-arm-none-eabi-5_4/bin/../lib/gcc/arm-none-eabi/5.4.1/../../../../arm-none-eabi/lib/armv7-m\libg.a(lib_a-mallocr.o)
                0x20000b88                __malloc_top_pad
 .bss.__malloc_current_mallinfo
                0x20000b8c       0x28 c:/coocox/gcc-arm-none-eabi-5_4/bin/../lib/gcc/arm-none-eabi/5.4.1/../../../../arm-none-eabi/lib/armv7-m\libg.a(lib_a-mallocr.o)
                0x20000b8c                __malloc_current_mallinfo
 *(COMMON)
 COMMON         0x20000bb4     0x1413 ..\obj\mem.o
                0x20000bb4                ram_heap
 *fill*         0x20001fc7        0x1 
 COMMON         0x20001fc8     0x45ef ..\obj\memp.o
                0x20001fc8                memp_memory_TCP_SEG_base
                0x2000208c                memp_memory_PBUF_POOL_base
                0x20005bc8                memp_memory_FRAG_PBUF_base
                0x20005d34                memp_memory_PBUF_base
                0x20005dd8                memp_memory_TCP_PCB_LISTEN_base
                0x20005e84                memp_memory_REASSDATA_base
                0x20005f28                memp_memory_UDP_PCB_base
                0x20005fec                memp_memory_TCP_PCB_base
 *fill*         0x200065b7        0x1 
 COMMON         0x200065b8        0x4 ..\obj\tcp_in.o
                0x200065b8                tcp_input_pcb
 COMMON         0x200065bc       0x18 ..\obj\ip.o
                0x200065bc                ip_data
 COMMON         0x200065d4       0x18 ..\obj\tcp.o
                0x200065d4                tcp_active_pcbs_changed
                0x200065d8                tcp_active_pcbs
                0x200065dc                tcp_ticks
                0x200065e0                tcp_listen_pcbs
                0x200065e4                tcp_bound_pcbs
                0x200065e8                tcp_tw_pcbs
 COMMON         0x200065ec        0x8 ..\obj\netif.o
                0x200065ec                netif_list
                0x200065f0                netif_default
 COMMON         0x200065f4        0x4 ..\obj\udp.o
                0x200065f4                udp_pcbs
 COMMON         0x200065f8        0x4 c:/coocox/gcc-arm-none-eabi-5_4/bin/../lib/gcc/arm-none-eabi/5.4.1/../../../../arm-none-eabi/lib/armv7-m\libg.a(lib_a-reent.o)
                0x200065f8                errno
                0x200065fc                . = ALIGN (0x4)
                0x200065fc                __bss_end__ = .
                0x200065fc                _ebss = __bss_end__

.heap           0x200065fc        0x0
                0x200065fc                __end__ = .
                0x200065fc                _end = __end__
                0x200065fc                end = __end__
 *(.heap*)
                0x200065fc                __HeapLimit = .

.co_stack       0x200065fc        0x4 load address 0x0801a5d0
                0x20006600                . = ALIGN (0x8)
 *fill*         0x200065fc        0x4 
 *(.co_stack .co_stack.*)
                0x20005000                __StackTop = (ORIGIN (ram) + LENGTH (ram))
                0x20004ffc                __StackLimit = (__StackTop - SIZEOF (.co_stack))
                0x20005000                PROVIDE (__stack, __StackTop)
                0x00000000                ASSERT ((__StackLimit >= __HeapLimit), region ram  overflowed with stack)
LOAD ..\obj\mem.o
LOAD ..\obj\stm32f10x_fsmc.o
LOAD ..\obj\tcp_out.o
LOAD ..\obj\led.o
LOAD ..\obj\stm32f10x_dma.o
LOAD ..\obj\etharp.o
LOAD ..\obj\raw.o
LOAD ..\obj\netbuf.o
LOAD ..\obj\timeouts.o
LOAD ..\obj\ethernet.o
LOAD ..\obj\err.o
LOAD ..\obj\stm32f10x_dbgmcu.o
LOAD ..\obj\stm32f10x_pwr.o
LOAD ..\obj\inet_chksum.o
LOAD ..\obj\stm32f10x_cec.o
LOAD ..\obj\autoip.o
LOAD ..\obj\api_msg.o
LOAD ..\obj\memp.o
LOAD ..\obj\ip4_frag.o
LOAD ..\obj\stm32f10x_spi.o
LOAD ..\obj\stm32f10x_wwdg.o
LOAD ..\obj\stats.o
LOAD ..\obj\api_lib.o
LOAD ..\obj\networkcard.o
LOAD ..\obj\stm32f10x_rtc.o
LOAD ..\obj\stm32f10x_usart.o
LOAD ..\obj\stm32f10x_crc.o
LOAD ..\obj\tcp_in.o
LOAD ..\obj\stm32f10x_adc.o
LOAD ..\obj\stm32f10x_dac.o
LOAD ..\obj\icmp.o
LOAD ..\obj\main.o
LOAD ..\obj\netifapi.o
LOAD ..\obj\igmp.o
LOAD ..\obj\tcpip.o
LOAD ..\obj\stm32f10x_gpio.o
LOAD ..\obj\ip4_addr.o
LOAD ..\obj\stm32f10x_rcc.o
LOAD ..\obj\init.o
LOAD ..\obj\netdb.o
LOAD ..\obj\ip.o
LOAD ..\obj\stm32f10x_sdio.o
LOAD ..\obj\misc.o
LOAD ..\obj\def.o
LOAD ..\obj\stm32f10x_i2c.o
LOAD ..\obj\startup_stm32f10x_md.o
LOAD ..\obj\dns.o
LOAD ..\obj\system_stm32f10x.o
LOAD ..\obj\dhcp.o
LOAD ..\obj\stm32f10x_bkp.o
LOAD ..\obj\stm32f10x_can.o
LOAD ..\obj\stm32f10x_flash.o
LOAD ..\obj\tcp.o
LOAD ..\obj\pbuf.o
LOAD ..\obj\stm32f10x_iwdg.o
LOAD ..\obj\stm32f10x_tim.o
LOAD ..\obj\ethernetif.o
LOAD ..\obj\ip4.o
LOAD ..\obj\netif.o
LOAD ..\obj\udp.o
LOAD ..\obj\stm32f10x_exti.o
LOAD ..\obj\sockets.o
LOAD ..\obj\sys.o
START GROUP
LOAD c:/coocox/gcc-arm-none-eabi-5_4/bin/../lib/gcc/arm-none-eabi/5.4.1/armv7-m\libgcc.a
LOAD c:/coocox/gcc-arm-none-eabi-5_4/bin/../lib/gcc/arm-none-eabi/5.4.1/../../../../arm-none-eabi/lib/armv7-m\libg.a
LOAD c:/coocox/gcc-arm-none-eabi-5_4/bin/../lib/gcc/arm-none-eabi/5.4.1/../../../../arm-none-eabi/lib/armv7-m\libc.a
END GROUP
LOAD c:/coocox/gcc-arm-none-eabi-5_4/bin/../lib/gcc/arm-none-eabi/5.4.1/armv7-m/crtend.o
LOAD c:/coocox/gcc-arm-none-eabi-5_4/bin/../lib/gcc/arm-none-eabi/5.4.1/armv7-m/crtn.o
OUTPUT(tcp_rs.elf elf32-littlearm)

.ARM.attributes
                0x00000000       0x29
 .ARM.attributes
                0x00000000       0x1d c:/coocox/gcc-arm-none-eabi-5_4/bin/../lib/gcc/arm-none-eabi/5.4.1/armv7-m/crti.o
 .ARM.attributes
                0x0000001d       0x2d c:/coocox/gcc-arm-none-eabi-5_4/bin/../lib/gcc/arm-none-eabi/5.4.1/armv7-m/crtbegin.o
 .ARM.attributes
                0x0000004a       0x33 ..\obj\mem.o
 .ARM.attributes
                0x0000007d       0x33 ..\obj\tcp_out.o
 .ARM.attributes
                0x000000b0       0x33 ..\obj\led.o
 .ARM.attributes
                0x000000e3       0x33 ..\obj\etharp.o
 .ARM.attributes
                0x00000116       0x33 ..\obj\timeouts.o
 .ARM.attributes
                0x00000149       0x33 ..\obj\ethernet.o
 .ARM.attributes
                0x0000017c       0x33 ..\obj\inet_chksum.o
 .ARM.attributes
                0x000001af       0x33 ..\obj\memp.o
 .ARM.attributes
                0x000001e2       0x33 ..\obj\ip4_frag.o
 .ARM.attributes
                0x00000215       0x33 ..\obj\tcp_in.o
 .ARM.attributes
                0x00000248       0x33 ..\obj\icmp.o
 .ARM.attributes
                0x0000027b       0x33 ..\obj\main.o
 .ARM.attributes
                0x000002ae       0x33 ..\obj\stm32f10x_gpio.o
 .ARM.attributes
                0x000002e1       0x33 ..\obj\ip4_addr.o
 .ARM.attributes
                0x00000314       0x33 ..\obj\stm32f10x_rcc.o
 .ARM.attributes
                0x00000347       0x33 ..\obj\init.o
 .ARM.attributes
                0x0000037a       0x33 ..\obj\ip.o
 .ARM.attributes
                0x000003ad       0x33 ..\obj\def.o
 .ARM.attributes
                0x000003e0       0x21 ..\obj\startup_stm32f10x_md.o
 .ARM.attributes
                0x00000401       0x33 ..\obj\system_stm32f10x.o
 .ARM.attributes
                0x00000434       0x33 ..\obj\tcp.o
 .ARM.attributes
                0x00000467       0x33 ..\obj\pbuf.o
 .ARM.attributes
                0x0000049a       0x33 ..\obj\ip4.o
 .ARM.attributes
                0x000004cd       0x33 ..\obj\netif.o
 .ARM.attributes
                0x00000500       0x33 ..\obj\udp.o
 .ARM.attributes
                0x00000533       0x2d c:/coocox/gcc-arm-none-eabi-5_4/bin/../lib/gcc/arm-none-eabi/5.4.1/../../../../arm-none-eabi/lib/armv7-m\libg.a(lib_a-abort.o)
 .ARM.attributes
                0x00000560       0x2d c:/coocox/gcc-arm-none-eabi-5_4/bin/../lib/gcc/arm-none-eabi/5.4.1/../../../../arm-none-eabi/lib/armv7-m\libg.a(lib_a-fflush.o)
 .ARM.attributes
                0x0000058d       0x2d c:/coocox/gcc-arm-none-eabi-5_4/bin/../lib/gcc/arm-none-eabi/5.4.1/../../../../arm-none-eabi/lib/armv7-m\libg.a(lib_a-findfp.o)
 .ARM.attributes
                0x000005ba       0x2d c:/coocox/gcc-arm-none-eabi-5_4/bin/../lib/gcc/arm-none-eabi/5.4.1/../../../../arm-none-eabi/lib/armv7-m\libg.a(lib_a-freer.o)
 .ARM.attributes
                0x000005e7       0x2d c:/coocox/gcc-arm-none-eabi-5_4/bin/../lib/gcc/arm-none-eabi/5.4.1/../../../../arm-none-eabi/lib/armv7-m\libg.a(lib_a-fwalk.o)
 .ARM.attributes
                0x00000614       0x2d c:/coocox/gcc-arm-none-eabi-5_4/bin/../lib/gcc/arm-none-eabi/5.4.1/../../../../arm-none-eabi/lib/armv7-m\libg.a(lib_a-impure.o)
 .ARM.attributes
                0x00000641       0x2d c:/coocox/gcc-arm-none-eabi-5_4/bin/../lib/gcc/arm-none-eabi/5.4.1/../../../../arm-none-eabi/lib/armv7-m\libg.a(lib_a-mallocr.o)
 .ARM.attributes
                0x0000066e       0x2d c:/coocox/gcc-arm-none-eabi-5_4/bin/../lib/gcc/arm-none-eabi/5.4.1/../../../../arm-none-eabi/lib/armv7-m\libg.a(lib_a-memcmp.o)
 .ARM.attributes
                0x0000069b       0x1b c:/coocox/gcc-arm-none-eabi-5_4/bin/../lib/gcc/arm-none-eabi/5.4.1/../../../../arm-none-eabi/lib/armv7-m\libg.a(lib_a-memcpy.o)
 .ARM.attributes
                0x000006b6       0x2d c:/coocox/gcc-arm-none-eabi-5_4/bin/../lib/gcc/arm-none-eabi/5.4.1/../../../../arm-none-eabi/lib/armv7-m\libg.a(lib_a-memset.o)
 .ARM.attributes
                0x000006e3       0x2d c:/coocox/gcc-arm-none-eabi-5_4/bin/../lib/gcc/arm-none-eabi/5.4.1/../../../../arm-none-eabi/lib/armv7-m\libg.a(lib_a-mlock.o)
 .ARM.attributes
                0x00000710       0x2d c:/coocox/gcc-arm-none-eabi-5_4/bin/../lib/gcc/arm-none-eabi/5.4.1/../../../../arm-none-eabi/lib/armv7-m\libg.a(lib_a-printf.o)
 .ARM.attributes
                0x0000073d       0x2d c:/coocox/gcc-arm-none-eabi-5_4/bin/../lib/gcc/arm-none-eabi/5.4.1/../../../../arm-none-eabi/lib/armv7-m\libg.a(lib_a-sbrkr.o)
 .ARM.attributes
                0x0000076a       0x2d c:/coocox/gcc-arm-none-eabi-5_4/bin/../lib/gcc/arm-none-eabi/5.4.1/../../../../arm-none-eabi/lib/armv7-m\libg.a(lib_a-signal.o)
 .ARM.attributes
                0x00000797       0x2d c:/coocox/gcc-arm-none-eabi-5_4/bin/../lib/gcc/arm-none-eabi/5.4.1/../../../../arm-none-eabi/lib/armv7-m\libg.a(lib_a-signalr.o)
 .ARM.attributes
                0x000007c4       0x2d c:/coocox/gcc-arm-none-eabi-5_4/bin/../lib/gcc/arm-none-eabi/5.4.1/../../../../arm-none-eabi/lib/armv7-m\libg.a(lib_a-stdio.o)
 .ARM.attributes
                0x000007f1       0x2d c:/coocox/gcc-arm-none-eabi-5_4/bin/../lib/gcc/arm-none-eabi/5.4.1/../../../../arm-none-eabi/lib/armv7-m\libg.a(lib_a-strlen-stub.o)
 .ARM.attributes
                0x0000081e       0x2d c:/coocox/gcc-arm-none-eabi-5_4/bin/../lib/gcc/arm-none-eabi/5.4.1/../../../../arm-none-eabi/lib/armv7-m\libg.a(lib_a-strncmp.o)
 .ARM.attributes
                0x0000084b       0x2d c:/coocox/gcc-arm-none-eabi-5_4/bin/../lib/gcc/arm-none-eabi/5.4.1/../../../../arm-none-eabi/lib/armv7-m\libg.a(lib_a-vfprintf.o)
 .ARM.attributes
                0x00000878       0x2d c:/coocox/gcc-arm-none-eabi-5_4/bin/../lib/gcc/arm-none-eabi/5.4.1/../../../../arm-none-eabi/lib/armv7-m\libg.a(lib_a-writer.o)
 .ARM.attributes
                0x000008a5       0x2d c:/coocox/gcc-arm-none-eabi-5_4/bin/../lib/gcc/arm-none-eabi/5.4.1/../../../../arm-none-eabi/lib/armv7-m\libg.a(lib_a-wsetup.o)
 .ARM.attributes
                0x000008d2       0x2d c:/coocox/gcc-arm-none-eabi-5_4/bin/../lib/gcc/arm-none-eabi/5.4.1/../../../../arm-none-eabi/lib/armv7-m\libg.a(lib_a-__call_atexit.o)
 .ARM.attributes
                0x000008ff       0x2d c:/coocox/gcc-arm-none-eabi-5_4/bin/../lib/gcc/arm-none-eabi/5.4.1/../../../../arm-none-eabi/lib/armv7-m\libg.a(lib_a-atexit.o)
 .ARM.attributes
                0x0000092c       0x2d c:/coocox/gcc-arm-none-eabi-5_4/bin/../lib/gcc/arm-none-eabi/5.4.1/../../../../arm-none-eabi/lib/armv7-m\libg.a(lib_a-closer.o)
 .ARM.attributes
                0x00000959       0x2d c:/coocox/gcc-arm-none-eabi-5_4/bin/../lib/gcc/arm-none-eabi/5.4.1/../../../../arm-none-eabi/lib/armv7-m\libg.a(lib_a-dtoa.o)
 .ARM.attributes
                0x00000986       0x2d c:/coocox/gcc-arm-none-eabi-5_4/bin/../lib/gcc/arm-none-eabi/5.4.1/../../../../arm-none-eabi/lib/armv7-m\libg.a(lib_a-fclose.o)
 .ARM.attributes
                0x000009b3       0x2d c:/coocox/gcc-arm-none-eabi-5_4/bin/../lib/gcc/arm-none-eabi/5.4.1/../../../../arm-none-eabi/lib/armv7-m\libg.a(lib_a-fini.o)
 .ARM.attributes
                0x000009e0       0x2d c:/coocox/gcc-arm-none-eabi-5_4/bin/../lib/gcc/arm-none-eabi/5.4.1/../../../../arm-none-eabi/lib/armv7-m\libg.a(lib_a-localeconv.o)
 .ARM.attributes
                0x00000a0d       0x2d c:/coocox/gcc-arm-none-eabi-5_4/bin/../lib/gcc/arm-none-eabi/5.4.1/../../../../arm-none-eabi/lib/armv7-m\libg.a(lib_a-lseekr.o)
 .ARM.attributes
                0x00000a3a       0x2d c:/coocox/gcc-arm-none-eabi-5_4/bin/../lib/gcc/arm-none-eabi/5.4.1/../../../../arm-none-eabi/lib/armv7-m\libg.a(lib_a-makebuf.o)
 .ARM.attributes
                0x00000a67       0x2d c:/coocox/gcc-arm-none-eabi-5_4/bin/../lib/gcc/arm-none-eabi/5.4.1/../../../../arm-none-eabi/lib/armv7-m\libg.a(lib_a-memchr-stub.o)
 .ARM.attributes
                0x00000a94       0x2d c:/coocox/gcc-arm-none-eabi-5_4/bin/../lib/gcc/arm-none-eabi/5.4.1/../../../../arm-none-eabi/lib/armv7-m\libg.a(lib_a-mprec.o)
 .ARM.attributes
                0x00000ac1       0x2d c:/coocox/gcc-arm-none-eabi-5_4/bin/../lib/gcc/arm-none-eabi/5.4.1/../../../../arm-none-eabi/lib/armv7-m\libg.a(lib_a-readr.o)
 .ARM.attributes
                0x00000aee       0x2d c:/coocox/gcc-arm-none-eabi-5_4/bin/../lib/gcc/arm-none-eabi/5.4.1/../../../../arm-none-eabi/lib/armv7-m\libg.a(lib_a-reent.o)
 .ARM.attributes
                0x00000b1b       0x2d c:/coocox/gcc-arm-none-eabi-5_4/bin/../lib/gcc/arm-none-eabi/5.4.1/../../../../arm-none-eabi/lib/armv7-m\libg.a(lib_a-vfiprintf.o)
 .ARM.attributes
                0x00000b48       0x2d c:/coocox/gcc-arm-none-eabi-5_4/bin/../lib/gcc/arm-none-eabi/5.4.1/../../../../arm-none-eabi/lib/armv7-m\libg.a(lib_a-__atexit.o)
 .ARM.attributes
                0x00000b75       0x2d c:/coocox/gcc-arm-none-eabi-5_4/bin/../lib/gcc/arm-none-eabi/5.4.1/../../../../arm-none-eabi/lib/armv7-m\libg.a(lib_a-callocr.o)
 .ARM.attributes
                0x00000ba2       0x2d c:/coocox/gcc-arm-none-eabi-5_4/bin/../lib/gcc/arm-none-eabi/5.4.1/../../../../arm-none-eabi/lib/armv7-m\libg.a(lib_a-fputwc.o)
 .ARM.attributes
                0x00000bcf       0x2d c:/coocox/gcc-arm-none-eabi-5_4/bin/../lib/gcc/arm-none-eabi/5.4.1/../../../../arm-none-eabi/lib/armv7-m\libg.a(lib_a-fstatr.o)
 .ARM.attributes
                0x00000bfc       0x2d c:/coocox/gcc-arm-none-eabi-5_4/bin/../lib/gcc/arm-none-eabi/5.4.1/../../../../arm-none-eabi/lib/armv7-m\libg.a(lib_a-fvwrite.o)
 .ARM.attributes
                0x00000c29       0x2d c:/coocox/gcc-arm-none-eabi-5_4/bin/../lib/gcc/arm-none-eabi/5.4.1/../../../../arm-none-eabi/lib/armv7-m\libg.a(lib_a-isattyr.o)
 .ARM.attributes
                0x00000c56       0x2d c:/coocox/gcc-arm-none-eabi-5_4/bin/../lib/gcc/arm-none-eabi/5.4.1/../../../../arm-none-eabi/lib/armv7-m\libg.a(lib_a-locale.o)
 .ARM.attributes
                0x00000c83       0x2d c:/coocox/gcc-arm-none-eabi-5_4/bin/../lib/gcc/arm-none-eabi/5.4.1/../../../../arm-none-eabi/lib/armv7-m\libg.a(lib_a-mbtowc_r.o)
 .ARM.attributes
                0x00000cb0       0x2d c:/coocox/gcc-arm-none-eabi-5_4/bin/../lib/gcc/arm-none-eabi/5.4.1/../../../../arm-none-eabi/lib/armv7-m\libg.a(lib_a-memmove.o)
 .ARM.attributes
                0x00000cdd       0x2d c:/coocox/gcc-arm-none-eabi-5_4/bin/../lib/gcc/arm-none-eabi/5.4.1/../../../../arm-none-eabi/lib/armv7-m\libg.a(lib_a-reallocr.o)
 .ARM.attributes
                0x00000d0a       0x2d c:/coocox/gcc-arm-none-eabi-5_4/bin/../lib/gcc/arm-none-eabi/5.4.1/../../../../arm-none-eabi/lib/armv7-m\libg.a(lib_a-wbuf.o)
 .ARM.attributes
                0x00000d37       0x2d c:/coocox/gcc-arm-none-eabi-5_4/bin/../lib/gcc/arm-none-eabi/5.4.1/../../../../arm-none-eabi/lib/armv7-m\libg.a(lib_a-wcrtomb.o)
 .ARM.attributes
                0x00000d64       0x2d c:/coocox/gcc-arm-none-eabi-5_4/bin/../lib/gcc/arm-none-eabi/5.4.1/../../../../arm-none-eabi/lib/armv7-m\libg.a(lib_a-wctomb_r.o)
 .ARM.attributes
                0x00000d91       0x2d c:/coocox/gcc-arm-none-eabi-5_4/bin/../lib/gcc/arm-none-eabi/5.4.1/../../../../arm-none-eabi/lib/armv7-m\libg.a(lib_a-ctype_.o)
 .ARM.attributes
                0x00000dbe       0x1d c:/coocox/gcc-arm-none-eabi-5_4/bin/../lib/gcc/arm-none-eabi/5.4.1/armv7-m\libgcc.a(_arm_addsubdf3.o)
 .ARM.attributes
                0x00000ddb       0x1d c:/coocox/gcc-arm-none-eabi-5_4/bin/../lib/gcc/arm-none-eabi/5.4.1/armv7-m\libgcc.a(_arm_muldivdf3.o)
 .ARM.attributes
                0x00000df8       0x1d c:/coocox/gcc-arm-none-eabi-5_4/bin/../lib/gcc/arm-none-eabi/5.4.1/armv7-m\libgcc.a(_arm_cmpdf2.o)
 .ARM.attributes
                0x00000e15       0x1d c:/coocox/gcc-arm-none-eabi-5_4/bin/../lib/gcc/arm-none-eabi/5.4.1/armv7-m\libgcc.a(_arm_unorddf2.o)
 .ARM.attributes
                0x00000e32       0x1d c:/coocox/gcc-arm-none-eabi-5_4/bin/../lib/gcc/arm-none-eabi/5.4.1/armv7-m\libgcc.a(_arm_fixdfsi.o)
 .ARM.attributes
                0x00000e4f       0x1d c:/coocox/gcc-arm-none-eabi-5_4/bin/../lib/gcc/arm-none-eabi/5.4.1/armv7-m\libgcc.a(_aeabi_uldivmod.o)
 .ARM.attributes
                0x00000e6c       0x2d c:/coocox/gcc-arm-none-eabi-5_4/bin/../lib/gcc/arm-none-eabi/5.4.1/armv7-m\libgcc.a(_udivmoddi4.o)
 .ARM.attributes
                0x00000e99       0x1d c:/coocox/gcc-arm-none-eabi-5_4/bin/../lib/gcc/arm-none-eabi/5.4.1/armv7-m\libgcc.a(_dvmd_tls.o)
 .ARM.attributes
                0x00000eb6       0x2d c:/coocox/gcc-arm-none-eabi-5_4/bin/../lib/gcc/arm-none-eabi/5.4.1/armv7-m/crtend.o
 .ARM.attributes
                0x00000ee3       0x1d c:/coocox/gcc-arm-none-eabi-5_4/bin/../lib/gcc/arm-none-eabi/5.4.1/armv7-m/crtn.o

.comment        0x00000000       0x6e
 .comment       0x00000000       0x6e ..\obj\mem.o
                                 0x6f (size before relaxing)
 .comment       0x0000006e       0x6f ..\obj\tcp_out.o
 .comment       0x0000006e       0x6f ..\obj\led.o
 .comment       0x0000006e       0x6f ..\obj\etharp.o
 .comment       0x0000006e       0x6f ..\obj\timeouts.o
 .comment       0x0000006e       0x6f ..\obj\ethernet.o
 .comment       0x0000006e       0x6f ..\obj\inet_chksum.o
 .comment       0x0000006e       0x6f ..\obj\memp.o
 .comment       0x0000006e       0x6f ..\obj\ip4_frag.o
 .comment       0x0000006e       0x6f ..\obj\tcp_in.o
 .comment       0x0000006e       0x6f ..\obj\icmp.o
 .comment       0x0000006e       0x6f ..\obj\main.o
 .comment       0x0000006e       0x6f ..\obj\stm32f10x_gpio.o
 .comment       0x0000006e       0x6f ..\obj\ip4_addr.o
 .comment       0x0000006e       0x6f ..\obj\stm32f10x_rcc.o
 .comment       0x0000006e       0x6f ..\obj\init.o
 .comment       0x0000006e       0x6f ..\obj\ip.o
 .comment       0x0000006e       0x6f ..\obj\def.o
 .comment       0x0000006e       0x6f ..\obj\system_stm32f10x.o
 .comment       0x0000006e       0x6f ..\obj\tcp.o
 .comment       0x0000006e       0x6f ..\obj\pbuf.o
 .comment       0x0000006e       0x6f ..\obj\ip4.o
 .comment       0x0000006e       0x6f ..\obj\netif.o
 .comment       0x0000006e       0x6f ..\obj\udp.o

.debug_info     0x00000000     0xcc74
 .debug_info    0x00000000      0x44d ..\obj\mem.o
 .debug_info    0x0000044d     0x12ff ..\obj\tcp_out.o
 .debug_info    0x0000174c      0x4e5 ..\obj\led.o
 .debug_info    0x00001c31      0xc66 ..\obj\etharp.o
 .debug_info    0x00002897      0x159 ..\obj\timeouts.o
 .debug_info    0x000029f0      0x5e1 ..\obj\ethernet.o
 .debug_info    0x00002fd1      0x5ba ..\obj\inet_chksum.o
 .debug_info    0x0000358b      0x579 ..\obj\memp.o
 .debug_info    0x00003b04      0xb69 ..\obj\ip4_frag.o
 .debug_info    0x0000466d      0xf61 ..\obj\tcp_in.o
 .debug_info    0x000055ce      0x76a ..\obj\icmp.o
 .debug_info    0x00005d38      0xac2 ..\obj\main.o
 .debug_info    0x000067fa      0x6f6 ..\obj\stm32f10x_gpio.o
 .debug_info    0x00006ef0      0x608 ..\obj\ip4_addr.o
 .debug_info    0x000074f8      0x8a3 ..\obj\stm32f10x_rcc.o
 .debug_info    0x00007d9b       0xac ..\obj\init.o
 .debug_info    0x00007e47      0x465 ..\obj\ip.o
 .debug_info    0x000082ac      0x32b ..\obj\def.o
 .debug_info    0x000085d7      0x10c ..\obj\startup_stm32f10x_md.o
 .debug_info    0x000086e3      0x49c ..\obj\system_stm32f10x.o
 .debug_info    0x00008b7f     0x1872 ..\obj\tcp.o
 .debug_info    0x0000a3f1      0xcec ..\obj\pbuf.o
 .debug_info    0x0000b0dd      0x807 ..\obj\ip4.o
 .debug_info    0x0000b8e4      0x773 ..\obj\netif.o
 .debug_info    0x0000c057      0xc1d ..\obj\udp.o

.debug_abbrev   0x00000000     0x2850
 .debug_abbrev  0x00000000      0x156 ..\obj\mem.o
 .debug_abbrev  0x00000156      0x23d ..\obj\tcp_out.o
 .debug_abbrev  0x00000393      0x146 ..\obj\led.o
 .debug_abbrev  0x000004d9      0x1fd ..\obj\etharp.o
 .debug_abbrev  0x000006d6       0xbf ..\obj\timeouts.o
 .debug_abbrev  0x00000795      0x1b5 ..\obj\ethernet.o
 .debug_abbrev  0x0000094a      0x155 ..\obj\inet_chksum.o
 .debug_abbrev  0x00000a9f      0x1aa ..\obj\memp.o
 .debug_abbrev  0x00000c49      0x22b ..\obj\ip4_frag.o
 .debug_abbrev  0x00000e74      0x250 ..\obj\tcp_in.o
 .debug_abbrev  0x000010c4      0x1d4 ..\obj\icmp.o
 .debug_abbrev  0x00001298      0x1ea ..\obj\main.o
 .debug_abbrev  0x00001482      0x1cc ..\obj\stm32f10x_gpio.o
 .debug_abbrev  0x0000164e      0x1ce ..\obj\ip4_addr.o
 .debug_abbrev  0x0000181c      0x1bc ..\obj\stm32f10x_rcc.o
 .debug_abbrev  0x000019d8       0x5e ..\obj\init.o
 .debug_abbrev  0x00001a36       0xe2 ..\obj\ip.o
 .debug_abbrev  0x00001b18       0xde ..\obj\def.o
 .debug_abbrev  0x00001bf6       0x12 ..\obj\startup_stm32f10x_md.o
 .debug_abbrev  0x00001c08      0x14e ..\obj\system_stm32f10x.o
 .debug_abbrev  0x00001d56      0x301 ..\obj\tcp.o
 .debug_abbrev  0x00002057      0x1df ..\obj\pbuf.o
 .debug_abbrev  0x00002236      0x19d ..\obj\ip4.o
 .debug_abbrev  0x000023d3      0x20e ..\obj\netif.o
 .debug_abbrev  0x000025e1      0x26f ..\obj\udp.o

.debug_aranges  0x00000000      0x320
 .debug_aranges
                0x00000000       0x20 ..\obj\mem.o
 .debug_aranges
                0x00000020       0x20 ..\obj\tcp_out.o
 .debug_aranges
                0x00000040       0x20 ..\obj\led.o
 .debug_aranges
                0x00000060       0x20 ..\obj\etharp.o
 .debug_aranges
                0x00000080       0x20 ..\obj\timeouts.o
 .debug_aranges
                0x000000a0       0x20 ..\obj\ethernet.o
 .debug_aranges
                0x000000c0       0x20 ..\obj\inet_chksum.o
 .debug_aranges
                0x000000e0       0x20 ..\obj\memp.o
 .debug_aranges
                0x00000100       0x20 ..\obj\ip4_frag.o
 .debug_aranges
                0x00000120       0x20 ..\obj\tcp_in.o
 .debug_aranges
                0x00000140       0x20 ..\obj\icmp.o
 .debug_aranges
                0x00000160       0x20 ..\obj\main.o
 .debug_aranges
                0x00000180       0x20 ..\obj\stm32f10x_gpio.o
 .debug_aranges
                0x000001a0       0x20 ..\obj\ip4_addr.o
 .debug_aranges
                0x000001c0       0x20 ..\obj\stm32f10x_rcc.o
 .debug_aranges
                0x000001e0       0x20 ..\obj\init.o
 .debug_aranges
                0x00000200       0x18 ..\obj\ip.o
 .debug_aranges
                0x00000218       0x20 ..\obj\def.o
 .debug_aranges
                0x00000238       0x28 ..\obj\startup_stm32f10x_md.o
 .debug_aranges
                0x00000260       0x20 ..\obj\system_stm32f10x.o
 .debug_aranges
                0x00000280       0x20 ..\obj\tcp.o
 .debug_aranges
                0x000002a0       0x20 ..\obj\pbuf.o
 .debug_aranges
                0x000002c0       0x20 ..\obj\ip4.o
 .debug_aranges
                0x000002e0       0x20 ..\obj\netif.o
 .debug_aranges
                0x00000300       0x20 ..\obj\udp.o

.debug_line     0x00000000     0x5e89
 .debug_line    0x00000000      0x34e ..\obj\mem.o
 .debug_line    0x0000034e      0x7d3 ..\obj\tcp_out.o
 .debug_line    0x00000b21      0x2e6 ..\obj\led.o
 .debug_line    0x00000e07      0x59d ..\obj\etharp.o
 .debug_line    0x000013a4      0x1b3 ..\obj\timeouts.o
 .debug_line    0x00001557      0x2bd ..\obj\ethernet.o
 .debug_line    0x00001814      0x27c ..\obj\inet_chksum.o
 .debug_line    0x00001a90      0x2cd ..\obj\memp.o
 .debug_line    0x00001d5d      0x4c7 ..\obj\ip4_frag.o
 .debug_line    0x00002224      0x91d ..\obj\tcp_in.o
 .debug_line    0x00002b41      0x2f3 ..\obj\icmp.o
 .debug_line    0x00002e34      0x341 ..\obj\main.o
 .debug_line    0x00003175      0x2f0 ..\obj\stm32f10x_gpio.o
 .debug_line    0x00003465      0x333 ..\obj\ip4_addr.o
 .debug_line    0x00003798      0x339 ..\obj\stm32f10x_rcc.o
 .debug_line    0x00003ad1       0xee ..\obj\init.o
 .debug_line    0x00003bbf      0x23f ..\obj\ip.o
 .debug_line    0x00003dfe      0x26e ..\obj\def.o
 .debug_line    0x0000406c       0xec ..\obj\startup_stm32f10x_md.o
 .debug_line    0x00004158      0x25a ..\obj\system_stm32f10x.o
 .debug_line    0x000043b2      0x95a ..\obj\tcp.o
 .debug_line    0x00004d0c      0x60c ..\obj\pbuf.o
 .debug_line    0x00005318      0x3ac ..\obj\ip4.o
 .debug_line    0x000056c4      0x2fe ..\obj\netif.o
 .debug_line    0x000059c2      0x4c7 ..\obj\udp.o

.debug_str      0x00000000     0x3827
 .debug_str     0x00000000      0x357 ..\obj\mem.o
                                0x3cc (size before relaxing)
 .debug_str     0x00000357      0x5d3 ..\obj\tcp_out.o
                                0x9c1 (size before relaxing)
 .debug_str     0x0000092a      0x26f ..\obj\led.o
                                0x3eb (size before relaxing)
 .debug_str     0x00000b99      0x48d ..\obj\etharp.o
                                0x8c8 (size before relaxing)
 .debug_str     0x00001026       0xc1 ..\obj\timeouts.o
                                0x2bc (size before relaxing)
 .debug_str     0x000010e7       0xd1 ..\obj\ethernet.o
                                0x5a0 (size before relaxing)
 .debug_str     0x000011b8      0x154 ..\obj\inet_chksum.o
                                0x370 (size before relaxing)
 .debug_str     0x0000130c      0x2ad ..\obj\memp.o
                                0x510 (size before relaxing)
 .debug_str     0x000015b9      0x34a ..\obj\ip4_frag.o
                                0x7d1 (size before relaxing)
 .debug_str     0x00001903      0x2bb ..\obj\tcp_in.o
                                0x9fd (size before relaxing)
 .debug_str     0x00001bbe      0x13d ..\obj\icmp.o
                                0x60e (size before relaxing)
 .debug_str     0x00001cfb      0x3dc ..\obj\main.o
                                0x65a (size before relaxing)
 .debug_str     0x000020d7      0x2c0 ..\obj\stm32f10x_gpio.o
                                0x557 (size before relaxing)
 .debug_str     0x00002397      0x107 ..\obj\ip4_addr.o
                                0x42d (size before relaxing)
 .debug_str     0x0000249e      0x49b ..\obj\stm32f10x_rcc.o
                                0x658 (size before relaxing)
 .debug_str     0x00002939       0x75 ..\obj\init.o
                                0x1d3 (size before relaxing)
 .debug_str     0x000029ae       0x5f ..\obj\ip.o
                                0x449 (size before relaxing)
 .debug_str     0x00002a0d       0xfd ..\obj\def.o
                                0x2ac (size before relaxing)
 .debug_str     0x00002b0a      0x152 ..\obj\system_stm32f10x.o
                                0x32e (size before relaxing)
 .debug_str     0x00002c5c      0x4ab ..\obj\tcp.o
                                0xc5d (size before relaxing)
 .debug_str     0x00003107      0x2e4 ..\obj\pbuf.o
                                0x717 (size before relaxing)
 .debug_str     0x000033eb      0x101 ..\obj\ip4.o
                                0x61d (size before relaxing)
 .debug_str     0x000034ec      0x170 ..\obj\netif.o
                                0x55a (size before relaxing)
 .debug_str     0x0000365c      0x1cb ..\obj\udp.o
                                0x7b6 (size before relaxing)

.debug_frame    0x00000000     0x39f0
 .debug_frame   0x00000000       0xec ..\obj\mem.o
 .debug_frame   0x000000ec      0x288 ..\obj\tcp_out.o
 .debug_frame   0x00000374      0x188 ..\obj\led.o
 .debug_frame   0x000004fc      0x228 ..\obj\etharp.o
 .debug_frame   0x00000724       0x30 ..\obj\timeouts.o
 .debug_frame   0x00000754       0x58 ..\obj\ethernet.o
 .debug_frame   0x000007ac      0x158 ..\obj\inet_chksum.o
 .debug_frame   0x00000904      0x134 ..\obj\memp.o
 .debug_frame   0x00000a38      0x1a0 ..\obj\ip4_frag.o
 .debug_frame   0x00000bd8      0x16c ..\obj\tcp_in.o
 .debug_frame   0x00000d44       0xa8 ..\obj\icmp.o
 .debug_frame   0x00000dec       0x58 ..\obj\main.o
 .debug_frame   0x00000e44      0x2d0 ..\obj\stm32f10x_gpio.o
 .debug_frame   0x00001114       0xf4 ..\obj\ip4_addr.o
 .debug_frame   0x00001208      0x4f4 ..\obj\stm32f10x_rcc.o
 .debug_frame   0x000016fc       0x34 ..\obj\init.o
 .debug_frame   0x00001730       0xfc ..\obj\def.o
 .debug_frame   0x0000182c       0x98 ..\obj\system_stm32f10x.o
 .debug_frame   0x000018c4      0x684 ..\obj\tcp.o
 .debug_frame   0x00001f48      0x3a0 ..\obj\pbuf.o
 .debug_frame   0x000022e8       0xcc ..\obj\ip4.o
 .debug_frame   0x000023b4      0x23c ..\obj\netif.o
 .debug_frame   0x000025f0      0x268 ..\obj\udp.o
 .debug_frame   0x00002858       0x28 c:/coocox/gcc-arm-none-eabi-5_4/bin/../lib/gcc/arm-none-eabi/5.4.1/../../../../arm-none-eabi/lib/armv7-m\libg.a(lib_a-abort.o)
 .debug_frame   0x00002880       0x6c c:/coocox/gcc-arm-none-eabi-5_4/bin/../lib/gcc/arm-none-eabi/5.4.1/../../../../arm-none-eabi/lib/armv7-m\libg.a(lib_a-fflush.o)
 .debug_frame   0x000028ec      0x124 c:/coocox/gcc-arm-none-eabi-5_4/bin/../lib/gcc/arm-none-eabi/5.4.1/../../../../arm-none-eabi/lib/armv7-m\libg.a(lib_a-findfp.o)
 .debug_frame   0x00002a10       0x74 c:/coocox/gcc-arm-none-eabi-5_4/bin/../lib/gcc/arm-none-eabi/5.4.1/../../../../arm-none-eabi/lib/armv7-m\libg.a(lib_a-freer.o)
 .debug_frame   0x00002a84       0x54 c:/coocox/gcc-arm-none-eabi-5_4/bin/../lib/gcc/arm-none-eabi/5.4.1/../../../../arm-none-eabi/lib/armv7-m\libg.a(lib_a-fwalk.o)
 .debug_frame   0x00002ad8       0x54 c:/coocox/gcc-arm-none-eabi-5_4/bin/../lib/gcc/arm-none-eabi/5.4.1/../../../../arm-none-eabi/lib/armv7-m\libg.a(lib_a-mallocr.o)
 .debug_frame   0x00002b2c       0x38 c:/coocox/gcc-arm-none-eabi-5_4/bin/../lib/gcc/arm-none-eabi/5.4.1/../../../../arm-none-eabi/lib/armv7-m\libg.a(lib_a-memcmp.o)
 .debug_frame   0x00002b64       0x34 c:/coocox/gcc-arm-none-eabi-5_4/bin/../lib/gcc/arm-none-eabi/5.4.1/../../../../arm-none-eabi/lib/armv7-m\libg.a(lib_a-memset.o)
 .debug_frame   0x00002b98       0x30 c:/coocox/gcc-arm-none-eabi-5_4/bin/../lib/gcc/arm-none-eabi/5.4.1/../../../../arm-none-eabi/lib/armv7-m\libg.a(lib_a-mlock.o)
 .debug_frame   0x00002bc8       0x78 c:/coocox/gcc-arm-none-eabi-5_4/bin/../lib/gcc/arm-none-eabi/5.4.1/../../../../arm-none-eabi/lib/armv7-m\libg.a(lib_a-printf.o)
 .debug_frame   0x00002c40       0x2c c:/coocox/gcc-arm-none-eabi-5_4/bin/../lib/gcc/arm-none-eabi/5.4.1/../../../../arm-none-eabi/lib/armv7-m\libg.a(lib_a-sbrkr.o)
 .debug_frame   0x00002c6c       0xe4 c:/coocox/gcc-arm-none-eabi-5_4/bin/../lib/gcc/arm-none-eabi/5.4.1/../../../../arm-none-eabi/lib/armv7-m\libg.a(lib_a-signal.o)
 .debug_frame   0x00002d50       0x3c c:/coocox/gcc-arm-none-eabi-5_4/bin/../lib/gcc/arm-none-eabi/5.4.1/../../../../arm-none-eabi/lib/armv7-m\libg.a(lib_a-signalr.o)
 .debug_frame   0x00002d8c       0x88 c:/coocox/gcc-arm-none-eabi-5_4/bin/../lib/gcc/arm-none-eabi/5.4.1/../../../../arm-none-eabi/lib/armv7-m\libg.a(lib_a-stdio.o)
 .debug_frame   0x00002e14       0x20 c:/coocox/gcc-arm-none-eabi-5_4/bin/../lib/gcc/arm-none-eabi/5.4.1/../../../../arm-none-eabi/lib/armv7-m\libg.a(lib_a-strlen-stub.o)
 .debug_frame   0x00002e34       0x54 c:/coocox/gcc-arm-none-eabi-5_4/bin/../lib/gcc/arm-none-eabi/5.4.1/../../../../arm-none-eabi/lib/armv7-m\libg.a(lib_a-strncmp.o)
 .debug_frame   0x00002e88       0x88 c:/coocox/gcc-arm-none-eabi-5_4/bin/../lib/gcc/arm-none-eabi/5.4.1/../../../../arm-none-eabi/lib/armv7-m\libg.a(lib_a-vfprintf.o)
 .debug_frame   0x00002f10       0x2c c:/coocox/gcc-arm-none-eabi-5_4/bin/../lib/gcc/arm-none-eabi/5.4.1/../../../../arm-none-eabi/lib/armv7-m\libg.a(lib_a-writer.o)
 .debug_frame   0x00002f3c       0x2c c:/coocox/gcc-arm-none-eabi-5_4/bin/../lib/gcc/arm-none-eabi/5.4.1/../../../../arm-none-eabi/lib/armv7-m\libg.a(lib_a-wsetup.o)
 .debug_frame   0x00002f68       0x50 c:/coocox/gcc-arm-none-eabi-5_4/bin/../lib/gcc/arm-none-eabi/5.4.1/../../../../arm-none-eabi/lib/armv7-m\libg.a(lib_a-__call_atexit.o)
 .debug_frame   0x00002fb8       0x20 c:/coocox/gcc-arm-none-eabi-5_4/bin/../lib/gcc/arm-none-eabi/5.4.1/../../../../arm-none-eabi/lib/armv7-m\libg.a(lib_a-atexit.o)
 .debug_frame   0x00002fd8       0x2c c:/coocox/gcc-arm-none-eabi-5_4/bin/../lib/gcc/arm-none-eabi/5.4.1/../../../../arm-none-eabi/lib/armv7-m\libg.a(lib_a-closer.o)
 .debug_frame   0x00003004       0x84 c:/coocox/gcc-arm-none-eabi-5_4/bin/../lib/gcc/arm-none-eabi/5.4.1/../../../../arm-none-eabi/lib/armv7-m\libg.a(lib_a-dtoa.o)
 .debug_frame   0x00003088       0x44 c:/coocox/gcc-arm-none-eabi-5_4/bin/../lib/gcc/arm-none-eabi/5.4.1/../../../../arm-none-eabi/lib/armv7-m\libg.a(lib_a-fclose.o)
 .debug_frame   0x000030cc       0x34 c:/coocox/gcc-arm-none-eabi-5_4/bin/../lib/gcc/arm-none-eabi/5.4.1/../../../../arm-none-eabi/lib/armv7-m\libg.a(lib_a-fini.o)
 .debug_frame   0x00003100       0x40 c:/coocox/gcc-arm-none-eabi-5_4/bin/../lib/gcc/arm-none-eabi/5.4.1/../../../../arm-none-eabi/lib/armv7-m\libg.a(lib_a-localeconv.o)
 .debug_frame   0x00003140       0x2c c:/coocox/gcc-arm-none-eabi-5_4/bin/../lib/gcc/arm-none-eabi/5.4.1/../../../../arm-none-eabi/lib/armv7-m\libg.a(lib_a-lseekr.o)
 .debug_frame   0x0000316c       0x68 c:/coocox/gcc-arm-none-eabi-5_4/bin/../lib/gcc/arm-none-eabi/5.4.1/../../../../arm-none-eabi/lib/armv7-m\libg.a(lib_a-makebuf.o)
 .debug_frame   0x000031d4       0x34 c:/coocox/gcc-arm-none-eabi-5_4/bin/../lib/gcc/arm-none-eabi/5.4.1/../../../../arm-none-eabi/lib/armv7-m\libg.a(lib_a-memchr-stub.o)
 .debug_frame   0x00003208      0x264 c:/coocox/gcc-arm-none-eabi-5_4/bin/../lib/gcc/arm-none-eabi/5.4.1/../../../../arm-none-eabi/lib/armv7-m\libg.a(lib_a-mprec.o)
 .debug_frame   0x0000346c       0x2c c:/coocox/gcc-arm-none-eabi-5_4/bin/../lib/gcc/arm-none-eabi/5.4.1/../../../../arm-none-eabi/lib/armv7-m\libg.a(lib_a-readr.o)
 .debug_frame   0x00003498       0x58 c:/coocox/gcc-arm-none-eabi-5_4/bin/../lib/gcc/arm-none-eabi/5.4.1/../../../../arm-none-eabi/lib/armv7-m\libg.a(lib_a-reent.o)
 .debug_frame   0x000034f0       0xc8 c:/coocox/gcc-arm-none-eabi-5_4/bin/../lib/gcc/arm-none-eabi/5.4.1/../../../../arm-none-eabi/lib/armv7-m\libg.a(lib_a-vfiprintf.o)
 .debug_frame   0x000035b8       0x34 c:/coocox/gcc-arm-none-eabi-5_4/bin/../lib/gcc/arm-none-eabi/5.4.1/../../../../arm-none-eabi/lib/armv7-m\libg.a(lib_a-__atexit.o)
 .debug_frame   0x000035ec       0x28 c:/coocox/gcc-arm-none-eabi-5_4/bin/../lib/gcc/arm-none-eabi/5.4.1/../../../../arm-none-eabi/lib/armv7-m\libg.a(lib_a-callocr.o)
 .debug_frame   0x00003614       0x88 c:/coocox/gcc-arm-none-eabi-5_4/bin/../lib/gcc/arm-none-eabi/5.4.1/../../../../arm-none-eabi/lib/armv7-m\libg.a(lib_a-fputwc.o)
 .debug_frame   0x0000369c       0x2c c:/coocox/gcc-arm-none-eabi-5_4/bin/../lib/gcc/arm-none-eabi/5.4.1/../../../../arm-none-eabi/lib/armv7-m\libg.a(lib_a-fstatr.o)
 .debug_frame   0x000036c8       0x68 c:/coocox/gcc-arm-none-eabi-5_4/bin/../lib/gcc/arm-none-eabi/5.4.1/../../../../arm-none-eabi/lib/armv7-m\libg.a(lib_a-fvwrite.o)
 .debug_frame   0x00003730       0x2c c:/coocox/gcc-arm-none-eabi-5_4/bin/../lib/gcc/arm-none-eabi/5.4.1/../../../../arm-none-eabi/lib/armv7-m\libg.a(lib_a-isattyr.o)
 .debug_frame   0x0000375c       0x84 c:/coocox/gcc-arm-none-eabi-5_4/bin/../lib/gcc/arm-none-eabi/5.4.1/../../../../arm-none-eabi/lib/armv7-m\libg.a(lib_a-locale.o)
 .debug_frame   0x000037e0       0x4c c:/coocox/gcc-arm-none-eabi-5_4/bin/../lib/gcc/arm-none-eabi/5.4.1/../../../../arm-none-eabi/lib/armv7-m\libg.a(lib_a-mbtowc_r.o)
 .debug_frame   0x0000382c       0x30 c:/coocox/gcc-arm-none-eabi-5_4/bin/../lib/gcc/arm-none-eabi/5.4.1/../../../../arm-none-eabi/lib/armv7-m\libg.a(lib_a-memmove.o)
 .debug_frame   0x0000385c       0x58 c:/coocox/gcc-arm-none-eabi-5_4/bin/../lib/gcc/arm-none-eabi/5.4.1/../../../../arm-none-eabi/lib/armv7-m\libg.a(lib_a-reallocr.o)
 .debug_frame   0x000038b4       0x40 c:/coocox/gcc-arm-none-eabi-5_4/bin/../lib/gcc/arm-none-eabi/5.4.1/../../../../arm-none-eabi/lib/armv7-m\libg.a(lib_a-wbuf.o)
 .debug_frame   0x000038f4       0x5c c:/coocox/gcc-arm-none-eabi-5_4/bin/../lib/gcc/arm-none-eabi/5.4.1/../../../../arm-none-eabi/lib/armv7-m\libg.a(lib_a-wcrtomb.o)
 .debug_frame   0x00003950       0x3c c:/coocox/gcc-arm-none-eabi-5_4/bin/../lib/gcc/arm-none-eabi/5.4.1/../../../../arm-none-eabi/lib/armv7-m\libg.a(lib_a-wctomb_r.o)
 .debug_frame   0x0000398c       0x2c c:/coocox/gcc-arm-none-eabi-5_4/bin/../lib/gcc/arm-none-eabi/5.4.1/armv7-m\libgcc.a(_aeabi_uldivmod.o)
 .debug_frame   0x000039b8       0x38 c:/coocox/gcc-arm-none-eabi-5_4/bin/../lib/gcc/arm-none-eabi/5.4.1/armv7-m\libgcc.a(_udivmoddi4.o)

.debug_ranges   0x00000000      0x110
 .debug_ranges  0x00000000       0x78 ..\obj\tcp_out.o
 .debug_ranges  0x00000078       0x60 ..\obj\tcp_in.o
 .debug_ranges  0x000000d8       0x18 ..\obj\icmp.o
 .debug_ranges  0x000000f0       0x20 ..\obj\startup_stm32f10x_md.o
